Archive member included to satisfy reference by file (symbol)

app/libapp.a(main.c.obj)      (--whole-archive)
zephyr/libzephyr.a(heap.c.obj)
                              (--whole-archive)
zephyr/libzephyr.a(cbprintf_packaged.c.obj)
                              (--whole-archive)
zephyr/libzephyr.a(printk.c.obj)
                              (--whole-archive)
zephyr/libzephyr.a(sem.c.obj)
                              (--whole-archive)
zephyr/libzephyr.a(thread_entry.c.obj)
                              (--whole-archive)
zephyr/libzephyr.a(cbprintf_complete.c.obj)
                              (--whole-archive)
zephyr/libzephyr.a(assert.c.obj)
                              (--whole-archive)
zephyr/libzephyr.a(dec.c.obj)
                              (--whole-archive)
zephyr/libzephyr.a(hex.c.obj)
                              (--whole-archive)
zephyr/libzephyr.a(rb.c.obj)  (--whole-archive)
zephyr/libzephyr.a(timeutil.c.obj)
                              (--whole-archive)
zephyr/libzephyr.a(bitarray.c.obj)
                              (--whole-archive)
zephyr/libzephyr.a(configs.c.obj)
                              (--whole-archive)
zephyr/libzephyr.a(soc.c.obj)
                              (--whole-archive)
zephyr/libzephyr.a(mem_attr.c.obj)
                              (--whole-archive)
zephyr/libzephyr.a(tracing_none.c.obj)
                              (--whole-archive)
zephyr/arch/common/libarch__common.a(sw_isr_common.c.obj)
                              (--whole-archive)
zephyr/arch/arch/arm/core/libarch__arm__core.a(fatal.c.obj)
                              (--whole-archive)
zephyr/arch/arch/arm/core/libarch__arm__core.a(nmi.c.obj)
                              (--whole-archive)
zephyr/arch/arch/arm/core/libarch__arm__core.a(nmi_on_reset.S.obj)
                              (--whole-archive)
zephyr/arch/arch/arm/core/libarch__arm__core.a(tls.c.obj)
                              (--whole-archive)
zephyr/arch/arch/arm/core/cortex_m/libarch__arm__core__cortex_m.a(exc_exit.c.obj)
                              (--whole-archive)
zephyr/arch/arch/arm/core/cortex_m/libarch__arm__core__cortex_m.a(fault.c.obj)
                              (--whole-archive)
zephyr/arch/arch/arm/core/cortex_m/libarch__arm__core__cortex_m.a(fault_s.S.obj)
                              (--whole-archive)
zephyr/arch/arch/arm/core/cortex_m/libarch__arm__core__cortex_m.a(fpu.c.obj)
                              (--whole-archive)
zephyr/arch/arch/arm/core/cortex_m/libarch__arm__core__cortex_m.a(reset.S.obj)
                              (--whole-archive)
zephyr/arch/arch/arm/core/cortex_m/libarch__arm__core__cortex_m.a(scb.c.obj)
                              (--whole-archive)
zephyr/arch/arch/arm/core/cortex_m/libarch__arm__core__cortex_m.a(thread_abort.c.obj)
                              (--whole-archive)
zephyr/arch/arch/arm/core/cortex_m/libarch__arm__core__cortex_m.a(vector_table.S.obj)
                              (--whole-archive)
zephyr/arch/arch/arm/core/cortex_m/libarch__arm__core__cortex_m.a(swap.c.obj)
                              (--whole-archive)
zephyr/arch/arch/arm/core/cortex_m/libarch__arm__core__cortex_m.a(swap_helper.S.obj)
                              (--whole-archive)
zephyr/arch/arch/arm/core/cortex_m/libarch__arm__core__cortex_m.a(irq_manage.c.obj)
                              (--whole-archive)
zephyr/arch/arch/arm/core/cortex_m/libarch__arm__core__cortex_m.a(prep_c.c.obj)
                              (--whole-archive)
zephyr/arch/arch/arm/core/cortex_m/libarch__arm__core__cortex_m.a(thread.c.obj)
                              (--whole-archive)
zephyr/arch/arch/arm/core/cortex_m/libarch__arm__core__cortex_m.a(cpu_idle.c.obj)
                              (--whole-archive)
zephyr/arch/arch/arm/core/cortex_m/libarch__arm__core__cortex_m.a(irq_init.c.obj)
                              (--whole-archive)
zephyr/arch/arch/arm/core/cortex_m/libarch__arm__core__cortex_m.a(isr_wrapper.c.obj)
                              (--whole-archive)
zephyr/arch/arch/arm/core/cortex_m/libarch__arm__core__cortex_m.a(__aeabi_read_tp.S.obj)
                              (--whole-archive)
zephyr/arch/arch/arm/core/cortex_m/cmse/libarch__arm__core__cortex_m__cmse.a(arm_core_cmse.c.obj)
                              (--whole-archive)
zephyr/arch/arch/arm/core/mpu/libarch__arm__core__mpu.a(arm_core_mpu.c.obj)
                              (--whole-archive)
zephyr/arch/arch/arm/core/mpu/libarch__arm__core__mpu.a(arm_mpu.c.obj)
                              (--whole-archive)
zephyr/arch/arch/arm/core/mpu/libarch__arm__core__mpu.a(arm_mpu_regions.c.obj)
                              (--whole-archive)
zephyr/lib/libc/picolibc/liblib__libc__picolibc.a(libc-hooks.c.obj)
                              (--whole-archive)
zephyr/lib/libc/common/liblib__libc__common.a(abort.c.obj)
                              (--whole-archive)
zephyr/lib/libc/common/liblib__libc__common.a(malloc.c.obj)
                              (--whole-archive)
[...]
Memory Configuration

Name             Origin             Length             Attributes
FLASH            0x0000000010000000 0x0000000000100000 xr
RAM              0x0000000030000000 0x0000000000030000 xw
SRAM1            0x0000000014000000 0x0000000000018000
IDT_LIST         0x00000000ffff7fff 0x0000000000008000 xw
*default*        0x0000000000000000 0xffffffffffffffff

Linker script and memory map

                0x0000000010003c14                vfprintf = __l_vfprintf
                0x0000000000000000                vfscanf = __l_vfscanf
LOAD zephyr/CMakeFiles/zephyr_pre0.dir/misc/empty_file.c.obj
LOAD zephyr/CMakeFiles/offsets.dir/./arch/arm/core/offsets/offsets.c.obj
LOAD app/libapp.a
LOAD zephyr/libzephyr.a
LOAD zephyr/arch/common/libarch__common.a
LOAD zephyr/arch/arch/arm/core/libarch__arm__core.a
LOAD zephyr/arch/arch/arm/core/cortex_m/libarch__arm__core__cortex_m.a
LOAD zephyr/arch/arch/arm/core/cortex_m/cmse/libarch__arm__core__cortex_m__cmse.a
LOAD zephyr/arch/arch/arm/core/mpu/libarch__arm__core__mpu.a
LOAD zephyr/lib/libc/picolibc/liblib__libc__picolibc.a
LOAD zephyr/lib/libc/common/liblib__libc__common.a
LOAD zephyr/boards/nxp/frdm_mcxn236/libboards__nxp__frdm_mcxn236.a
LOAD zephyr/drivers/clock_control/libdrivers__clock_control.a
LOAD zephyr/drivers/console/libdrivers__console.a
LOAD zephyr/drivers/gpio/libdrivers__gpio.a
LOAD zephyr/drivers/mfd/libdrivers__mfd.a
LOAD zephyr/drivers/pinctrl/libdrivers__pinctrl.a
LOAD zephyr/drivers/serial/libdrivers__serial.a
LOAD zephyr/drivers/timer/libdrivers__timer.a
LOAD modules/hal_nxp/hal_nxp/lib..__modules__hal__nxp.a
LOAD zephyr/kernel/libkernel.a
LOAD zephyr/arch/common/libisr_tables.a
LOAD /workspaces/zephyr-codespace/.zephyr-sdk/zephyr-sdk-0.16.8/arm-zephyr-eabi/bin/../lib/gcc/../../picolibc/arm-zephyr-eabi/lib/thumb/v8-m.main/nofp/libc.a
LOAD /workspaces/zephyr-codespace/.zephyr-sdk/zephyr-sdk-0.16.8/arm-zephyr-eabi/bin/../lib/gcc/arm-zephyr-eabi/12.2.0/thumb/v8-m.main/nofp/libgcc.a
                0x0000000000000020                _region_min_align = 0x20

.rel.plt        0x0000000010000000        0x0
 *(SORT_BY_ALIGNMENT(.rel.plt))
                [!provide]                        PROVIDE (__rel_iplt_start = .)
 *(SORT_BY_ALIGNMENT(.rel.iplt))
 .rel.iplt      0x0000000010000000        0x0 app/libapp.a(main.c.obj)
                [!provide]                        PROVIDE (__rel_iplt_end = .)

.rela.plt       0x0000000000000000        0x0
 *(SORT_BY_ALIGNMENT(.rela.plt))
                [!provide]                        PROVIDE (__rela_iplt_start = .)
 *(SORT_BY_ALIGNMENT(.rela.iplt))
                [!provide]                        PROVIDE (__rela_iplt_end = .)

.rel.dyn
 *(SORT_BY_ALIGNMENT(.rel.*))

.rela.dyn
 *(SORT_BY_ALIGNMENT(.rela.*))

/DISCARD/
 *(SORT_BY_ALIGNMENT(.plt))

/DISCARD/
 *(SORT_BY_ALIGNMENT(.iplt))
                0x0000000010000000                __rom_region_start = 0x10000000

rom_start       0x0000000010000000      0x2ac
                0x0000000010000000                __rom_start_address = .
 FILL mask 0x00
                0x0000000010000000                . = (. + (0x0 - (. - __rom_start_address)))
                0x0000000010000000                . = ALIGN (0x4)
                0x0000000010000000                . = ALIGN (0x80)
                0x0000000010000000                . = ALIGN (0x400)
                0x0000000010000000                _vector_start = .
 *(SORT_BY_ALIGNMENT(.exc_vector_table))
 *(SORT_BY_ALIGNMENT(.exc_vector_table.*))
 .exc_vector_table._vector_table_section
                0x0000000010000000       0x40 zephyr/arch/arch/arm/core/cortex_m/libarch__arm__core__cortex_m.a(vector_table.S.obj)
                0x0000000010000000                _vector_table
 *(SORT_BY_ALIGNMENT(.vectors))
                0x00000000100002ac                _vector_end = .
                0x0000000010000040                . = ALIGN (0x4)
 *(SORT_BY_ALIGNMENT(.gnu.linkonce.irq_vector_table*))
 .gnu.linkonce.irq_vector_table
                0x0000000010000040      0x26c zephyr/arch/common/libisr_tables.a(isr_tables.c.obj)
                0x0000000010000040                _irq_vector_table
                0x00000000100002ac                _vector_end = .

text            0x00000000100002ac     0x4d28
                0x00000000100002ac                __text_region_start = .
 *(SORT_BY_ALIGNMENT(.text))
 .text          0x00000000100002ac      0x378 /workspaces/zephyr-codespace/.zephyr-sdk/zephyr-sdk-0.16.8/arm-zephyr-eabi/bin/../lib/gcc/arm-zephyr-eabi/12.2.0/thumb/v8-m.main/nofp/libgcc.a(_arm_addsubdf3.o)
                0x00000000100002ac                __aeabi_drsub
                0x00000000100002b4                __aeabi_dsub
                0x00000000100002b4                __subdf3
                0x00000000100002b8                __adddf3
                0x00000000100002b8                __aeabi_dadd
                0x0000000010000530                __aeabi_ui2d
                0x0000000010000530                __floatunsidf
                0x0000000010000550                __floatsidf
                0x0000000010000550                __aeabi_i2d
                0x0000000010000574                __extendsfdf2
                0x0000000010000574                __aeabi_f2d
                0x00000000100005b8                __aeabi_ul2d
                0x00000000100005b8                __floatundidf
                0x00000000100005c8                __floatdidf
                0x00000000100005c8                __aeabi_l2d
 .text          0x0000000010000624      0x424 /workspaces/zephyr-codespace/.zephyr-sdk/zephyr-sdk-0.16.8/arm-zephyr-eabi/bin/../lib/gcc/arm-zephyr-eabi/12.2.0/thumb/v8-m.main/nofp/libgcc.a(_arm_muldivdf3.o)
                0x0000000010000624                __aeabi_dmul
                0x0000000010000624                __muldf3
                0x0000000010000878                __aeabi_ddiv
                0x0000000010000878                __divdf3
 .text          0x0000000010000a48      0x21c /workspaces/zephyr-codespace/.zephyr-sdk/zephyr-sdk-0.16.8/arm-zephyr-eabi/bin/../lib/gcc/arm-zephyr-eabi/12.2.0/thumb/v8-m.main/nofp/libgcc.a(_arm_addsubsf3.o)
                0x0000000010000a48                __aeabi_frsub
                0x0000000010000a50                __subsf3
                0x0000000010000a50                __aeabi_fsub
                0x0000000010000a54                __aeabi_fadd
                0x0000000010000a54                __addsf3
                0x0000000010000bb4                __aeabi_ui2f
                0x0000000010000bb4                __floatunsisf
                0x0000000010000bbc                __aeabi_i2f
                0x0000000010000bbc                __floatsisf
                0x0000000010000bd8                __floatundisf
                0x0000000010000bd8                __aeabi_ul2f
                0x0000000010000be8                __floatdisf
                0x0000000010000be8                __aeabi_l2f
 .text          0x0000000010000c64      0x2a0 /workspaces/zephyr-codespace/.zephyr-sdk/zephyr-sdk-0.16.8/arm-zephyr-eabi/bin/../lib/gcc/arm-zephyr-eabi/12.2.0/thumb/v8-m.main/nofp/libgcc.a(_arm_muldivsf3.o)
                0x0000000010000c64                __mulsf3
                0x0000000010000c64                __aeabi_fmul
                0x0000000010000dcc                __divsf3
                0x0000000010000dcc                __aeabi_fdiv
 .text          0x0000000010000f04       0x40 /workspaces/zephyr-codespace/.zephyr-sdk/zephyr-sdk-0.16.8/arm-zephyr-eabi/bin/../lib/gcc/arm-zephyr-eabi/12.2.0/thumb/v8-m.main/nofp/libgcc.a(_arm_fixunssfsi.o)
                0x0000000010000f04                __aeabi_f2uiz
                0x0000000010000f04                __fixunssfsi
 .text          0x0000000010000f44       0x30 /workspaces/zephyr-codespace/.zephyr-sdk/zephyr-sdk-0.16.8/arm-zephyr-eabi/bin/../lib/gcc/arm-zephyr-eabi/12.2.0/thumb/v8-m.main/nofp/libgcc.a(_aeabi_uldivmod.o)
                0x0000000010000f44                __aeabi_uldivmod
 .text          0x0000000010000f74       0x40 /workspaces/zephyr-codespace/.zephyr-sdk/zephyr-sdk-0.16.8/arm-zephyr-eabi/bin/../lib/gcc/arm-zephyr-eabi/12.2.0/thumb/v8-m.main/nofp/libgcc.a(_fixunssfdi.o)
                0x0000000010000f74                __aeabi_f2ulz
                0x0000000010000f74                __fixunssfdi
 .text          0x0000000010000fb4        0x4 /workspaces/zephyr-codespace/.zephyr-sdk/zephyr-sdk-0.16.8/arm-zephyr-eabi/bin/../lib/gcc/arm-zephyr-eabi/12.2.0/thumb/v8-m.main/nofp/libgcc.a(_dvmd_tls.o)
                0x0000000010000fb4                __aeabi_ldiv0
                0x0000000010000fb4                __aeabi_idiv0
 .text          0x0000000010000fb8       0x40 /workspaces/zephyr-codespace/.zephyr-sdk/zephyr-sdk-0.16.8/arm-zephyr-eabi/bin/../lib/gcc/arm-zephyr-eabi/12.2.0/thumb/v8-m.main/nofp/libgcc.a(_arm_fixunsdfsi.o)
                0x0000000010000fb8                __fixunsdfsi
                0x0000000010000fb8                __aeabi_d2uiz
 .text          0x0000000010000ff8      0x29c /workspaces/zephyr-codespace/.zephyr-sdk/zephyr-sdk-0.16.8/arm-zephyr-eabi/bin/../lib/gcc/arm-zephyr-eabi/12.2.0/thumb/v8-m.main/nofp/libgcc.a(_udivmoddi4.o)
                0x0000000010000ff8                __udivmoddi4
 *(SORT_BY_ALIGNMENT(.text.*))
 .text.set_rgb  0x0000000010001294       0x30 app/libapp.a(main.c.obj)
 .text.main     0x00000000100012c4       0x98 app/libapp.a(main.c.obj)
                0x00000000100012c4                main
 .text.char_out
                0x000000001000135c        0xc zephyr/libzephyr.a(printk.c.obj)
 .text.__printk_hook_install
                0x0000000010001368        0xc zephyr/libzephyr.a(printk.c.obj)
                0x0000000010001368                __printk_hook_install
 .text.vprintk  0x0000000010001374       0x30 zephyr/libzephyr.a(printk.c.obj)
                0x0000000010001374                vprintk
 .text.z_thread_entry
                0x00000000100013a4       0x34 zephyr/libzephyr.a(thread_entry.c.obj)
                0x00000000100013a4                z_thread_entry
 .text.mem_attr_get_regions
                0x00000000100013d8        0xc zephyr/libzephyr.a(mem_attr.c.obj)
                0x00000000100013d8                mem_attr_get_regions
 .text.z_SysNmiOnReset
                0x00000000100013e4        0x8 zephyr/arch/arch/arm/core/libarch__arm__core.a(nmi_on_reset.S.obj)
                0x00000000100013e4                z_SysNmiOnReset
 .text.arch_tls_stack_setup
                0x00000000100013ec       0x40 zephyr/arch/arch/arm/core/libarch__arm__core.a(tls.c.obj)
                0x00000000100013ec                arch_tls_stack_setup
 .text._HandlerModeExit
                0x000000001000142c       0x28 zephyr/arch/arch/arm/core/cortex_m/libarch__arm__core__cortex_m.a(exc_exit.c.obj)
                0x000000001000142c                z_arm_exc_exit
                0x000000001000142c                z_arm_int_exit
 .text.secure_fault.constprop.0
                0x0000000010001454       0x74 zephyr/arch/arch/arm/core/cortex_m/libarch__arm__core__cortex_m.a(fault.c.obj)
 .text.usage_fault.constprop.0
                0x00000000100014c8       0x5c zephyr/arch/arch/arm/core/cortex_m/libarch__arm__core__cortex_m.a(fault.c.obj)
 .text.bus_fault.constprop.0
                0x0000000010001524       0x6c zephyr/arch/arch/arm/core/cortex_m/libarch__arm__core__cortex_m.a(fault.c.obj)
 .text.mem_manage_fault.constprop.0
                0x0000000010001590       0x78 zephyr/arch/arch/arm/core/cortex_m/libarch__arm__core__cortex_m.a(fault.c.obj)
 .text.z_arm_fault
                0x0000000010001608      0x154 zephyr/arch/arch/arm/core/cortex_m/libarch__arm__core__cortex_m.a(fault.c.obj)
                0x0000000010001608                z_arm_fault
 .text.z_arm_fault_init
                0x000000001000175c       0x20 zephyr/arch/arch/arm/core/cortex_m/libarch__arm__core__cortex_m.a(fault.c.obj)
                0x000000001000175c                z_arm_fault_init
 .text.__fault  0x000000001000177c       0x14 zephyr/arch/arch/arm/core/cortex_m/libarch__arm__core__cortex_m.a(fault_s.S.obj)
                0x000000001000177c                z_arm_secure_fault
                0x000000001000177c                z_arm_bus_fault
                0x000000001000177c                z_arm_usage_fault
                0x000000001000177c                z_arm_mpu_fault
                0x000000001000177c                z_arm_exc_spurious
                0x000000001000177c                z_arm_debug_monitor
                0x000000001000177c                z_arm_hard_fault
 .text._reset_section
                0x0000000010001790       0x30 zephyr/arch/arch/arm/core/cortex_m/libarch__arm__core__cortex_m.a(reset.S.obj)
                0x0000000010001790                z_arm_reset
                0x0000000010001790                __start
 .text.z_impl_k_thread_abort
                0x00000000100017c0       0x2c zephyr/arch/arch/arm/core/cortex_m/libarch__arm__core__cortex_m.a(thread_abort.c.obj)
                0x00000000100017c0                z_impl_k_thread_abort
 .text.arch_swap
                0x00000000100017ec       0x30 zephyr/arch/arch/arm/core/cortex_m/libarch__arm__core__cortex_m.a(swap.c.obj)
                0x00000000100017ec                arch_swap
 .text.z_arm_pendsv
                0x000000001000181c       0x68 zephyr/arch/arch/arm/core/cortex_m/libarch__arm__core__cortex_m.a(swap_helper.S.obj)
                0x000000001000181c                z_arm_pendsv
 .text.z_arm_svc
                0x0000000010001884       0x24 zephyr/arch/arch/arm/core/cortex_m/libarch__arm__core__cortex_m.a(swap_helper.S.obj)
                0x0000000010001884                z_arm_svc
 .text.arch_irq_enable
                0x00000000100018a8       0x1c zephyr/arch/arch/arm/core/cortex_m/libarch__arm__core__cortex_m.a(irq_manage.c.obj)
                0x00000000100018a8                arch_irq_enable
 .text.z_arm_irq_priority_set
                0x00000000100018c4       0x2c zephyr/arch/arch/arm/core/cortex_m/libarch__arm__core__cortex_m.a(irq_manage.c.obj)
                0x00000000100018c4                z_arm_irq_priority_set
 .text.z_prep_c
                0x00000000100018f0       0x48 zephyr/arch/arch/arm/core/cortex_m/libarch__arm__core__cortex_m.a(prep_c.c.obj)
                0x00000000100018f0                z_prep_c
 .text.arch_new_thread
                0x0000000010001938       0x38 zephyr/arch/arch/arm/core/cortex_m/libarch__arm__core__cortex_m.a(thread.c.obj)
                0x0000000010001938                arch_new_thread
 .text.arch_switch_to_main_thread
                0x0000000010001970       0x48 zephyr/arch/arch/arm/core/cortex_m/libarch__arm__core__cortex_m.a(thread.c.obj)
                0x0000000010001970                arch_switch_to_main_thread
 .text.z_arm_cpu_idle_init
                0x00000000100019b8        0xc zephyr/arch/arch/arm/core/cortex_m/libarch__arm__core__cortex_m.a(cpu_idle.c.obj)
                0x00000000100019b8                z_arm_cpu_idle_init
 .text.z_arm_interrupt_init
                0x00000000100019c4       0x18 zephyr/arch/arch/arm/core/cortex_m/libarch__arm__core__cortex_m.a(irq_init.c.obj)
                0x00000000100019c4                z_arm_interrupt_init
 .text._isr_wrapper
                0x00000000100019dc       0x24 zephyr/arch/arch/arm/core/cortex_m/libarch__arm__core__cortex_m.a(isr_wrapper.c.obj)
                0x00000000100019dc                _isr_wrapper
 .text.z_arm_configure_static_mpu_regions
                0x0000000010001a00       0x38 zephyr/arch/arch/arm/core/mpu/libarch__arm__core__mpu.a(arm_core_mpu.c.obj)
                0x0000000010001a00                z_arm_configure_static_mpu_regions
 .text.region_init
                0x0000000010001a38       0x34 zephyr/arch/arch/arm/core/mpu/libarch__arm__core__mpu.a(arm_mpu.c.obj)
 .text.region_allocate_and_init
                0x0000000010001a6c       0x24 zephyr/arch/arch/arm/core/mpu/libarch__arm__core__mpu.a(arm_mpu.c.obj)
 .text.mpu_configure_regions_and_partition.constprop.0
                0x0000000010001a90      0x148 zephyr/arch/arch/arm/core/mpu/libarch__arm__core__mpu.a(arm_mpu.c.obj)
 .text.arm_core_mpu_enable
                0x0000000010001bd8       0x18 zephyr/arch/arch/arm/core/mpu/libarch__arm__core__mpu.a(arm_mpu.c.obj)
                0x0000000010001bd8                arm_core_mpu_enable
 .text.arm_core_mpu_disable
                0x0000000010001bf0       0x14 zephyr/arch/arch/arm/core/mpu/libarch__arm__core__mpu.a(arm_mpu.c.obj)
                0x0000000010001bf0                arm_core_mpu_disable
 .text.arm_core_mpu_configure_static_mpu_regions
                0x0000000010001c04       0x14 zephyr/arch/arch/arm/core/mpu/libarch__arm__core__mpu.a(arm_mpu.c.obj)
                0x0000000010001c04                arm_core_mpu_configure_static_mpu_regions
 .text.arm_core_mpu_mark_areas_for_dynamic_regions
                0x0000000010001c18       0xb8 zephyr/arch/arch/arm/core/mpu/libarch__arm__core__mpu.a(arm_mpu.c.obj)
                0x0000000010001c18                arm_core_mpu_mark_areas_for_dynamic_regions
 .text.z_arm_mpu_init
                0x0000000010001cd0      0x11c zephyr/arch/arch/arm/core/mpu/libarch__arm__core__mpu.a(arm_mpu.c.obj)
                0x0000000010001cd0                z_arm_mpu_init
 .text.z_impl_zephyr_fputc
                0x0000000010001dec       0x10 zephyr/lib/libc/picolibc/liblib__libc__picolibc.a(libc-hooks.c.obj)
                0x0000000010001dec                z_impl_zephyr_fputc
 .text.__stdout_hook_install
                0x0000000010001dfc       0x18 zephyr/lib/libc/picolibc/liblib__libc__picolibc.a(libc-hooks.c.obj)
                0x0000000010001dfc                __stdout_hook_install
 .text.malloc_prepare
                0x0000000010001e14       0x24 zephyr/lib/libc/common/liblib__libc__common.a(malloc.c.obj)
 .text.power_mode_od
                0x0000000010001e38       0x40 zephyr/boards/nxp/frdm_mcxn236/libboards__nxp__frdm_mcxn236.a(board.c.obj)
                0x0000000010001e38                power_mode_od
 .text.frdm_mcxn236_init
                0x0000000010001e78      0x1b8 zephyr/boards/nxp/frdm_mcxn236/libboards__nxp__frdm_mcxn236.a(board.c.obj)
 .text.uart_console_init
                0x0000000010002030       0x28 zephyr/drivers/console/libdrivers__console.a(uart_console.c.obj)
 .text.console_out
                0x0000000010002058       0x28 zephyr/drivers/console/libdrivers__console.a(uart_console.c.obj)
 .text.pinctrl_configure_pins
                0x0000000010002080       0x40 zephyr/drivers/pinctrl/libdrivers__pinctrl.a(pinctrl_kinetis.c.obj)
                0x0000000010002080                pinctrl_configure_pins
 .text.mcux_lpuart_init
                0x00000000100020c0       0x54 zephyr/drivers/serial/libdrivers__serial.a(uart_mcux_lpuart.c.obj)
 .text.elapsed  0x0000000010002114       0x4c zephyr/drivers/timer/libdrivers__timer.a(cortex_m_systick.c.obj)
 .text.sys_clock_driver_init
                0x0000000010002160       0x38 zephyr/drivers/timer/libdrivers__timer.a(cortex_m_systick.c.obj)
 .text.sys_clock_isr
                0x0000000010002198       0x60 zephyr/drivers/timer/libdrivers__timer.a(cortex_m_systick.c.obj)
                0x0000000010002198                sys_clock_isr
 .text.sys_clock_set_timeout
                0x00000000100021f8       0xfc zephyr/drivers/timer/libdrivers__timer.a(cortex_m_systick.c.obj)
                0x00000000100021f8                sys_clock_set_timeout
 .text.sys_clock_elapsed
                0x00000000100022f4       0x3c zephyr/drivers/timer/libdrivers__timer.a(cortex_m_systick.c.obj)
                0x00000000100022f4                sys_clock_elapsed
 .text.CLOCK_GetFro12MFreq
                0x0000000010002330       0x1c modules/hal_nxp/hal_nxp/lib..__modules__hal__nxp.a(fsl_clock.c.obj)
 .text.CLOCK_GetClk48MFreq
                0x000000001000234c       0x1c modules/hal_nxp/hal_nxp/lib..__modules__hal__nxp.a(fsl_clock.c.obj)
 .text.CLOCK_GetClk16KFreq
                0x0000000010002368       0x20 modules/hal_nxp/hal_nxp/lib..__modules__hal__nxp.a(fsl_clock.c.obj)
 .text.CLOCK_GetExtClkFreq
                0x0000000010002388       0x1c modules/hal_nxp/hal_nxp/lib..__modules__hal__nxp.a(fsl_clock.c.obj)
 .text.CLOCK_GetFroHfFreq
                0x00000000100023a4       0x2c modules/hal_nxp/hal_nxp/lib..__modules__hal__nxp.a(fsl_clock.c.obj)
 .text.CLOCK_GetOsc32KFreq
                0x00000000100023d0       0x28 modules/hal_nxp/hal_nxp/lib..__modules__hal__nxp.a(fsl_clock.c.obj)
 .text.CLOCK_GetLposcFreq
                0x00000000100023f8       0x18 modules/hal_nxp/hal_nxp/lib..__modules__hal__nxp.a(fsl_clock.c.obj)
 .text.CLOCK_SetupFROHFClocking
                0x0000000010002410       0x68 modules/hal_nxp/hal_nxp/lib..__modules__hal__nxp.a(fsl_clock.c.obj)
                0x0000000010002410                CLOCK_SetupFROHFClocking
 .text.CLOCK_SetupExtClocking
                0x0000000010002478       0xc4 modules/hal_nxp/hal_nxp/lib..__modules__hal__nxp.a(fsl_clock.c.obj)
                0x0000000010002478                CLOCK_SetupExtClocking
 .text.CLOCK_SetupClk16KClocking
                0x000000001000253c       0x48 modules/hal_nxp/hal_nxp/lib..__modules__hal__nxp.a(fsl_clock.c.obj)
                0x000000001000253c                CLOCK_SetupClk16KClocking
 .text.CLOCK_SetPll0MonitorMode
                0x0000000010002584       0x18 modules/hal_nxp/hal_nxp/lib..__modules__hal__nxp.a(fsl_clock.c.obj)
                0x0000000010002584                CLOCK_SetPll0MonitorMode
 .text.CLOCK_SetPll1MonitorMode
                0x000000001000259c       0x18 modules/hal_nxp/hal_nxp/lib..__modules__hal__nxp.a(fsl_clock.c.obj)
                0x000000001000259c                CLOCK_SetPll1MonitorMode
 .text.CLOCK_AttachClk
                0x00000000100025b4       0x60 modules/hal_nxp/hal_nxp/lib..__modules__hal__nxp.a(fsl_clock.c.obj)
                0x00000000100025b4                CLOCK_AttachClk
 .text.CLOCK_GetPLL0InClockRate
                0x0000000010002614       0x2c modules/hal_nxp/hal_nxp/lib..__modules__hal__nxp.a(fsl_clock.c.obj)
                0x0000000010002614                CLOCK_GetPLL0InClockRate
 .text.CLOCK_GetPll0OutFreq
                0x0000000010002640       0xd8 modules/hal_nxp/hal_nxp/lib..__modules__hal__nxp.a(fsl_clock.c.obj)
                0x0000000010002640                CLOCK_GetPll0OutFreq
 .text.CLOCK_GetPLL1InClockRate
                0x0000000010002718       0x2c modules/hal_nxp/hal_nxp/lib..__modules__hal__nxp.a(fsl_clock.c.obj)
                0x0000000010002718                CLOCK_GetPLL1InClockRate
 .text.CLOCK_GetPll1OutFreq
                0x0000000010002744       0xd8 modules/hal_nxp/hal_nxp/lib..__modules__hal__nxp.a(fsl_clock.c.obj)
                0x0000000010002744                CLOCK_GetPll1OutFreq
 .text.CLOCK_GetLPFlexCommClkFreq
                0x000000001000281c       0x5c modules/hal_nxp/hal_nxp/lib..__modules__hal__nxp.a(fsl_clock.c.obj)
                0x000000001000281c                CLOCK_GetLPFlexCommClkFreq
 .text.CLOCK_SetPLL0Freq
                0x0000000010002878       0xc4 modules/hal_nxp/hal_nxp/lib..__modules__hal__nxp.a(fsl_clock.c.obj)
                0x0000000010002878                CLOCK_SetPLL0Freq
 .text.CLOCK_SetPLL1Freq
                0x000000001000293c       0xc4 modules/hal_nxp/hal_nxp/lib..__modules__hal__nxp.a(fsl_clock.c.obj)
                0x000000001000293c                CLOCK_SetPLL1Freq
 .text.CLOCK_GetCoreSysClkFreq
                0x0000000010002a00       0x3c modules/hal_nxp/hal_nxp/lib..__modules__hal__nxp.a(fsl_clock.c.obj)
                0x0000000010002a00                CLOCK_GetCoreSysClkFreq
 .text.CLOCK_GetFreq
                0x0000000010002a3c      0x144 modules/hal_nxp/hal_nxp/lib..__modules__hal__nxp.a(fsl_clock.c.obj)
                0x0000000010002a3c                CLOCK_GetFreq
 .text.SystemInit
                0x0000000010002b80       0xd0 modules/hal_nxp/hal_nxp/lib..__modules__hal__nxp.a(system_MCXN236.c.obj)
                0x0000000010002b80                SystemInit
 .text.LP_FLEXCOMM_GetInterruptStatus
                0x0000000010002c50       0x10 modules/hal_nxp/hal_nxp/lib..__modules__hal__nxp.a(fsl_lpflexcomm.c.obj)
                0x0000000010002c50                LP_FLEXCOMM_GetInterruptStatus
 .text.LP_FLEXCOMM_GetInstance
                0x0000000010002c60       0x1c modules/hal_nxp/hal_nxp/lib..__modules__hal__nxp.a(fsl_lpflexcomm.c.obj)
                0x0000000010002c60                LP_FLEXCOMM_GetInstance
 .text.LP_FLEXCOMM_Init
                0x0000000010002c7c       0xa0 modules/hal_nxp/hal_nxp/lib..__modules__hal__nxp.a(fsl_lpflexcomm.c.obj)
                0x0000000010002c7c                LP_FLEXCOMM_Init
 .text.LPUART_Init
                0x0000000010002d1c      0x1e8 modules/hal_nxp/hal_nxp/lib..__modules__hal__nxp.a(fsl_lpuart.c.obj)
                0x0000000010002d1c                LPUART_Init
 .text.LPUART_EnableInterrupts
                0x0000000010002f04       0x58 modules/hal_nxp/hal_nxp/lib..__modules__hal__nxp.a(fsl_lpuart.c.obj)
                0x0000000010002f04                LPUART_EnableInterrupts
 .text.LPUART_DisableInterrupts
                0x0000000010002f5c       0x60 modules/hal_nxp/hal_nxp/lib..__modules__hal__nxp.a(fsl_lpuart.c.obj)
                0x0000000010002f5c                LPUART_DisableInterrupts
 .text.LPUART_GetStatusFlags
                0x0000000010002fbc       0x34 modules/hal_nxp/hal_nxp/lib..__modules__hal__nxp.a(fsl_lpuart.c.obj)
                0x0000000010002fbc                LPUART_GetStatusFlags
 .text.LPUART_ClearStatusFlags
                0x0000000010002ff0       0x44 modules/hal_nxp/hal_nxp/lib..__modules__hal__nxp.a(fsl_lpuart.c.obj)
                0x0000000010002ff0                LPUART_ClearStatusFlags
 .text.z_fatal_error
                0x0000000010003034       0x30 zephyr/kernel/libkernel.a(fatal.c.obj)
                0x0000000010003034                z_fatal_error
 .text.z_sys_init_run_level
                0x0000000010003064       0x2c zephyr/kernel/libkernel.a(init.c.obj)
 .text.bg_thread_main
                0x0000000010003090       0xc4 zephyr/kernel/libkernel.a(init.c.obj)
 .text.z_bss_zero
                0x0000000010003154       0x18 zephyr/kernel/libkernel.a(init.c.obj)
                0x0000000010003154                z_bss_zero
 .text.z_init_cpu
                0x000000001000316c       0x68 zephyr/kernel/libkernel.a(init.c.obj)
                0x000000001000316c                z_init_cpu
 .text.z_cstart
                0x00000000100031d4       0xf0 zephyr/kernel/libkernel.a(init.c.obj)
                0x00000000100031d4                z_cstart
 .text.z_setup_new_thread
                0x00000000100032c4       0x7c zephyr/kernel/libkernel.a(thread.c.obj)
                0x00000000100032c4                z_setup_new_thread
 .text.unready_thread
                0x0000000010003340       0x54 zephyr/kernel/libkernel.a(sched.c.obj)
 .text.ready_thread
                0x0000000010003394       0x8c zephyr/kernel/libkernel.a(sched.c.obj)
 .text.z_thread_halt
                0x0000000010003420      0x10c zephyr/kernel/libkernel.a(sched.c.obj)
 .text.move_thread_to_end_of_prio_q
                0x000000001000352c       0x94 zephyr/kernel/libkernel.a(sched.c.obj)
                0x000000001000352c                move_thread_to_end_of_prio_q
 .text.z_reschedule
                0x00000000100035c0       0x24 zephyr/kernel/libkernel.a(sched.c.obj)
                0x00000000100035c0                z_reschedule
 .text.z_sched_start
                0x00000000100035e4       0x3c zephyr/kernel/libkernel.a(sched.c.obj)
                0x00000000100035e4                z_sched_start
 .text.z_reschedule_irqlock
                0x0000000010003620       0x28 zephyr/kernel/libkernel.a(sched.c.obj)
                0x0000000010003620                z_reschedule_irqlock
 .text.k_sched_lock
                0x0000000010003648       0x28 zephyr/kernel/libkernel.a(sched.c.obj)
                0x0000000010003648                k_sched_lock
 .text.k_sched_unlock
                0x0000000010003670       0x68 zephyr/kernel/libkernel.a(sched.c.obj)
                0x0000000010003670                k_sched_unlock
 .text.z_sched_init
                0x00000000100036d8       0x10 zephyr/kernel/libkernel.a(sched.c.obj)
                0x00000000100036d8                z_sched_init
 .text.z_impl_k_yield
                0x00000000100036e8       0x8c zephyr/kernel/libkernel.a(sched.c.obj)
                0x00000000100036e8                z_impl_k_yield
 .text.z_tick_sleep
                0x0000000010003774       0x88 zephyr/kernel/libkernel.a(sched.c.obj)
 .text.z_impl_k_sleep
                0x00000000100037fc       0x3c zephyr/kernel/libkernel.a(sched.c.obj)
                0x00000000100037fc                z_impl_k_sleep
 .text.z_impl_k_sched_current_thread_query
                0x0000000010003838        0xc zephyr/kernel/libkernel.a(sched.c.obj)
                0x0000000010003838                z_impl_k_sched_current_thread_query
 .text.slice_timeout
                0x0000000010003844       0x20 zephyr/kernel/libkernel.a(timeslicing.c.obj)
 .text.thread_is_sliceable
                0x0000000010003864       0x3c zephyr/kernel/libkernel.a(timeslicing.c.obj)
                0x0000000010003864                thread_is_sliceable
 .text.z_reset_time_slice
                0x00000000100038a0       0x50 zephyr/kernel/libkernel.a(timeslicing.c.obj)
                0x00000000100038a0                z_reset_time_slice
 .text.z_time_slice
                0x00000000100038f0       0x60 zephyr/kernel/libkernel.a(timeslicing.c.obj)
                0x00000000100038f0                z_time_slice
 .text.z_data_copy
                0x0000000010003950       0x38 zephyr/kernel/libkernel.a(xip.c.obj)
                0x0000000010003950                z_data_copy
 .text.elapsed  0x0000000010003988       0x14 zephyr/kernel/libkernel.a(timeout.c.obj)
 .text.remove_timeout
                0x000000001000399c       0x38 zephyr/kernel/libkernel.a(timeout.c.obj)
 .text.next_timeout
                0x00000000100039d4       0x40 zephyr/kernel/libkernel.a(timeout.c.obj)
 .text.z_add_timeout
                0x0000000010003a14       0xf4 zephyr/kernel/libkernel.a(timeout.c.obj)
                0x0000000010003a14                z_add_timeout
 .text.sys_clock_announce
                0x0000000010003b08       0xd0 zephyr/kernel/libkernel.a(timeout.c.obj)
                0x0000000010003b08                sys_clock_announce
 .text.sys_clock_tick_get
                0x0000000010003bd8       0x30 zephyr/kernel/libkernel.a(timeout.c.obj)
                0x0000000010003bd8                sys_clock_tick_get
 .text.boot_banner
                0x0000000010003c08        0xc zephyr/kernel/libkernel.a(banner.c.obj)
                0x0000000010003c08                boot_banner
 .text.__l_vfprintf
                0x0000000010003c14      0x4b4 /workspaces/zephyr-codespace/.zephyr-sdk/zephyr-sdk-0.16.8/arm-zephyr-eabi/bin/../lib/gcc/../../picolibc/arm-zephyr-eabi/lib/thumb/v8-m.main/nofp/libc.a(libc_tinystdio_vflprintf.c.o)
                0x0000000010003c14                __l_vfprintf
 .text._OffsetAbsSyms
                0x00000000100040c8        0x2 zephyr/CMakeFiles/offsets.dir/./arch/arm/core/offsets/offsets.c.obj
                0x00000000100040c8                _OffsetAbsSyms
 .text.gpio_pin_set_dt.isra.0
                0x00000000100040ca       0x28 app/libapp.a(main.c.obj)
 .text.gpio_pin_configure_dt.constprop.0.isra.0
                0x00000000100040f2       0x34 app/libapp.a(main.c.obj)
 .text.k_msleep.constprop.0.isra.0
                0x0000000010004126        0xa app/libapp.a(main.c.obj)
 .text.chunk_size
                0x0000000010004130        0xa zephyr/libzephyr.a(heap.c.obj)
 .text.free_list_add
                0x000000001000413a       0x4e zephyr/libzephyr.a(heap.c.obj)
 .text.sys_heap_init
                0x0000000010004188       0x7a zephyr/libzephyr.a(heap.c.obj)
                0x0000000010004188                sys_heap_init
 .text.arch_printk_char_out
                0x0000000010004202        0x4 zephyr/libzephyr.a(printk.c.obj)
                0x0000000010004202                arch_printk_char_out
 .text.printk   0x0000000010004206       0x1a zephyr/libzephyr.a(printk.c.obj)
                0x0000000010004206                printk
 .text._ConfigAbsSyms
                0x0000000010004220        0x2 zephyr/libzephyr.a(configs.c.obj)
                0x0000000010004220                _ConfigAbsSyms
 .text.soc_reset_hook
                0x0000000010004222        0x4 zephyr/libzephyr.a(soc.c.obj)
                0x0000000010004222                soc_reset_hook
 .text.z_arm_fatal_error
                0x0000000010004226        0xc zephyr/arch/arch/arm/core/libarch__arm__core.a(fatal.c.obj)
                0x0000000010004226                z_arm_fatal_error
 .text.z_do_kernel_oops
                0x0000000010004232        0x8 zephyr/arch/arch/arm/core/libarch__arm__core.a(fatal.c.obj)
                0x0000000010004232                z_do_kernel_oops
 .text.z_arm_nmi
                0x000000001000423a        0xe zephyr/arch/arch/arm/core/libarch__arm__core.a(nmi.c.obj)
                0x000000001000423a                z_arm_nmi
 .text.z_irq_spurious
                0x0000000010004248        0x8 zephyr/arch/arch/arm/core/cortex_m/libarch__arm__core__cortex_m.a(irq_manage.c.obj)
                0x0000000010004248                z_irq_spurious
 .text.configure_builtin_stack_guard
                0x0000000010004250        0x8 zephyr/arch/arch/arm/core/cortex_m/libarch__arm__core__cortex_m.a(thread.c.obj)
                0x0000000010004250                configure_builtin_stack_guard
 .text.arch_irq_unlock_outlined
                0x0000000010004258        0xe zephyr/arch/arch/arm/core/cortex_m/libarch__arm__core__cortex_m.a(thread.c.obj)
                0x0000000010004258                arch_irq_unlock_outlined
 .text.arch_cpu_idle
                0x0000000010004266       0x1a zephyr/arch/arch/arm/core/cortex_m/libarch__arm__core__cortex_m.a(cpu_idle.c.obj)
                0x0000000010004266                arch_cpu_idle
 .text.arm_cmse_mpu_region_get
                0x0000000010004280       0x12 zephyr/arch/arch/arm/core/cortex_m/cmse/libarch__arm__core__cortex_m__cmse.a(arm_core_cmse.c.obj)
                0x0000000010004280                arm_cmse_mpu_region_get
 .text.mpu_configure_region
                0x0000000010004292       0x32 zephyr/arch/arch/arm/core/mpu/libarch__arm__core__mpu.a(arm_mpu.c.obj)
 .text.picolibc_put
                0x00000000100042c4        0xa zephyr/lib/libc/picolibc/liblib__libc__picolibc.a(libc-hooks.c.obj)
 .text.mcux_lpc_syscon_clock_control_on
                0x00000000100042ce       0x4a zephyr/drivers/clock_control/libdrivers__clock_control.a(clock_control_mcux_syscon.c.obj)
 .text.mcux_lpc_syscon_clock_control_off
                0x0000000010004318        0x4 zephyr/drivers/clock_control/libdrivers__clock_control.a(clock_control_mcux_syscon.c.obj)
 .text.mcux_lpc_syscon_clock_control_set_subsys_rate
                0x000000001000431c        0x6 zephyr/drivers/clock_control/libdrivers__clock_control.a(clock_control_mcux_syscon.c.obj)
 .text.mcux_lpc_syscon_clock_control_get_subsys_rate
                0x0000000010004322       0x66 zephyr/drivers/clock_control/libdrivers__clock_control.a(clock_control_mcux_syscon.c.obj)
 .text.gpio_mcux_configure
                0x0000000010004388       0xa0 zephyr/drivers/gpio/libdrivers__gpio.a(gpio_mcux.c.obj)
 .text.gpio_mcux_port_get_raw
                0x0000000010004428        0xc zephyr/drivers/gpio/libdrivers__gpio.a(gpio_mcux.c.obj)
 .text.gpio_mcux_port_set_masked_raw
                0x0000000010004434       0x12 zephyr/drivers/gpio/libdrivers__gpio.a(gpio_mcux.c.obj)
 .text.gpio_mcux_port_set_bits_raw
                0x0000000010004446        0xa zephyr/drivers/gpio/libdrivers__gpio.a(gpio_mcux.c.obj)
 .text.gpio_mcux_port_clear_bits_raw
                0x0000000010004450        0xa zephyr/drivers/gpio/libdrivers__gpio.a(gpio_mcux.c.obj)
 .text.gpio_mcux_port_toggle_bits
                0x000000001000445a        0xa zephyr/drivers/gpio/libdrivers__gpio.a(gpio_mcux.c.obj)
 .text.gpio_mcux_manage_callback
                0x0000000010004464       0x52 zephyr/drivers/gpio/libdrivers__gpio.a(gpio_mcux.c.obj)
 .text.gpio_mcux_port0_init
                0x00000000100044b6       0x16 zephyr/drivers/gpio/libdrivers__gpio.a(gpio_mcux.c.obj)
 .text.gpio_mcux_port1_init
                0x00000000100044cc       0x16 zephyr/drivers/gpio/libdrivers__gpio.a(gpio_mcux.c.obj)
 .text.gpio_mcux_port2_init
                0x00000000100044e2       0x16 zephyr/drivers/gpio/libdrivers__gpio.a(gpio_mcux.c.obj)
 .text.gpio_mcux_pin_interrupt_configure
                0x00000000100044f8       0x7a zephyr/drivers/gpio/libdrivers__gpio.a(gpio_mcux.c.obj)
 .text.gpio_mcux_port_isr
                0x0000000010004572       0x36 zephyr/drivers/gpio/libdrivers__gpio.a(gpio_mcux.c.obj)
 .text.nxp_lp_flexcomm_isr
                0x00000000100045a8       0x44 zephyr/drivers/mfd/libdrivers__mfd.a(mfd_nxp_lp_flexcomm.c.obj)
                0x00000000100045a8                nxp_lp_flexcomm_isr
 .text.nxp_lp_flexcomm_config_func_0
                0x00000000100045ec       0x16 zephyr/drivers/mfd/libdrivers__mfd.a(mfd_nxp_lp_flexcomm.c.obj)
 .text.nxp_lp_flexcomm_config_func_1
                0x0000000010004602       0x16 zephyr/drivers/mfd/libdrivers__mfd.a(mfd_nxp_lp_flexcomm.c.obj)
 .text.nxp_lp_flexcomm_config_func_2
                0x0000000010004618       0x16 zephyr/drivers/mfd/libdrivers__mfd.a(mfd_nxp_lp_flexcomm.c.obj)
 .text.nxp_lp_flexcomm_config_func_3
                0x000000001000462e       0x16 zephyr/drivers/mfd/libdrivers__mfd.a(mfd_nxp_lp_flexcomm.c.obj)
 .text.nxp_lp_flexcomm_init
                0x0000000010004644       0x7a zephyr/drivers/mfd/libdrivers__mfd.a(mfd_nxp_lp_flexcomm.c.obj)
 .text.nxp_lp_flexcomm_setirqhandler
                0x00000000100046be       0x12 zephyr/drivers/mfd/libdrivers__mfd.a(mfd_nxp_lp_flexcomm.c.obj)
                0x00000000100046be                nxp_lp_flexcomm_setirqhandler
 .text.pinctrl_lookup_state
                0x00000000100046d0       0x26 zephyr/drivers/pinctrl/libdrivers__pinctrl.a(common.c.obj)
                0x00000000100046d0                pinctrl_lookup_state
 .text.pinctrl_mcux_init
                0x00000000100046f6       0x26 zephyr/drivers/pinctrl/libdrivers__pinctrl.a(pinctrl_kinetis.c.obj)
 .text.mcux_lpuart_irq_update
                0x000000001000471c        0x4 zephyr/drivers/serial/libdrivers__serial.a(uart_mcux_lpuart.c.obj)
 .text.mcux_lpuart_irq_callback_set
                0x0000000010004720        0x8 zephyr/drivers/serial/libdrivers__serial.a(uart_mcux_lpuart.c.obj)
 .text.mcux_lpuart_config_get
                0x0000000010004728       0x10 zephyr/drivers/serial/libdrivers__serial.a(uart_mcux_lpuart.c.obj)
 .text.mcux_lpuart_config_func_0
                0x0000000010004738        0x2 zephyr/drivers/serial/libdrivers__serial.a(uart_mcux_lpuart.c.obj)
 .text.mcux_lpuart_irq_err_disable
                0x000000001000473a        0xc zephyr/drivers/serial/libdrivers__serial.a(uart_mcux_lpuart.c.obj)
 .text.mcux_lpuart_irq_rx_disable
                0x0000000010004746        0xc zephyr/drivers/serial/libdrivers__serial.a(uart_mcux_lpuart.c.obj)
 .text.mcux_lpuart_irq_tx_disable
                0x0000000010004752        0xc zephyr/drivers/serial/libdrivers__serial.a(uart_mcux_lpuart.c.obj)
 .text.mcux_lpuart_irq_err_enable
                0x000000001000475e        0xc zephyr/drivers/serial/libdrivers__serial.a(uart_mcux_lpuart.c.obj)
 .text.mcux_lpuart_irq_rx_enable
                0x000000001000476a        0xc zephyr/drivers/serial/libdrivers__serial.a(uart_mcux_lpuart.c.obj)
 .text.mcux_lpuart_irq_tx_enable
                0x0000000010004776        0xc zephyr/drivers/serial/libdrivers__serial.a(uart_mcux_lpuart.c.obj)
 .text.mcux_lpuart_irq_rx_full
                0x0000000010004782       0x10 zephyr/drivers/serial/libdrivers__serial.a(uart_mcux_lpuart.c.obj)
 .text.mcux_lpuart_irq_tx_complete
                0x0000000010004792       0x10 zephyr/drivers/serial/libdrivers__serial.a(uart_mcux_lpuart.c.obj)
 .text.mcux_lpuart_irq_tx_ready
                0x00000000100047a2       0x1e zephyr/drivers/serial/libdrivers__serial.a(uart_mcux_lpuart.c.obj)
 .text.mcux_lpuart_irq_is_pending
                0x00000000100047c0       0x2c zephyr/drivers/serial/libdrivers__serial.a(uart_mcux_lpuart.c.obj)
 .text.mcux_lpuart_fifo_read
                0x00000000100047ec       0x48 zephyr/drivers/serial/libdrivers__serial.a(uart_mcux_lpuart.c.obj)
 .text.mcux_lpuart_fifo_fill
                0x0000000010004834       0x28 zephyr/drivers/serial/libdrivers__serial.a(uart_mcux_lpuart.c.obj)
 .text.mcux_lpuart_poll_out
                0x000000001000485c       0x2c zephyr/drivers/serial/libdrivers__serial.a(uart_mcux_lpuart.c.obj)
 .text.mcux_lpuart_err_check
                0x0000000010004888       0x34 zephyr/drivers/serial/libdrivers__serial.a(uart_mcux_lpuart.c.obj)
 .text.mcux_lpuart_isr
                0x00000000100048bc       0x2e zephyr/drivers/serial/libdrivers__serial.a(uart_mcux_lpuart.c.obj)
 .text.mcux_lpuart_configure_init
                0x00000000100048ea      0x148 zephyr/drivers/serial/libdrivers__serial.a(uart_mcux_lpuart.c.obj)
 .text.pinctrl_apply_state.constprop.0
                0x0000000010004a32       0x20 zephyr/drivers/serial/libdrivers__serial.a(uart_mcux_lpuart.c.obj)
 .text.mcux_lpuart_configure
                0x0000000010004a52       0x30 zephyr/drivers/serial/libdrivers__serial.a(uart_mcux_lpuart.c.obj)
 .text.mcux_lpuart_config_func_1
                0x0000000010004a82        0x2 zephyr/drivers/serial/libdrivers__serial.a(uart_mcux_lpuart.c.obj)
 .text.mcux_lpuart_poll_in
                0x0000000010004a84       0x40 zephyr/drivers/serial/libdrivers__serial.a(uart_mcux_lpuart.c.obj)
 .text.CLOCK_SetClkDiv
                0x0000000010004ac4       0x22 modules/hal_nxp/hal_nxp/lib..__modules__hal__nxp.a(fsl_clock.c.obj)
                0x0000000010004ac4                CLOCK_SetClkDiv
 .text.CLOCK_GetPllClkDivFreq
                0x0000000010004ae6       0x3c modules/hal_nxp/hal_nxp/lib..__modules__hal__nxp.a(fsl_clock.c.obj)
                0x0000000010004ae6                CLOCK_GetPllClkDivFreq
 .text.RESET_ClearPeripheralReset
                0x0000000010004b22       0x26 modules/hal_nxp/hal_nxp/lib..__modules__hal__nxp.a(fsl_reset.c.obj)
                0x0000000010004b22                RESET_ClearPeripheralReset
 .text.SystemInitHook
                0x0000000010004b48        0x2 modules/hal_nxp/hal_nxp/lib..__modules__hal__nxp.a(system_MCXN236.c.obj)
                0x0000000010004b48                SystemInitHook
 .text.LPUART_Deinit
                0x0000000010004b4a       0x20 modules/hal_nxp/hal_nxp/lib..__modules__hal__nxp.a(fsl_lpuart.c.obj)
                0x0000000010004b4a                LPUART_Deinit
 .text.LPUART_GetDefaultConfig
                0x0000000010004b6a       0x16 modules/hal_nxp/hal_nxp/lib..__modules__hal__nxp.a(fsl_lpuart.c.obj)
                0x0000000010004b6a                LPUART_GetDefaultConfig
 .text.LPUART_GetEnabledInterrupts
                0x0000000010004b80       0x44 modules/hal_nxp/hal_nxp/lib..__modules__hal__nxp.a(fsl_lpuart.c.obj)
                0x0000000010004b80                LPUART_GetEnabledInterrupts
 .text.SPC_SetSRAMOperateVoltage
                0x0000000010004bc4       0x24 modules/hal_nxp/hal_nxp/lib..__modules__hal__nxp.a(fsl_spc.c.obj)
                0x0000000010004bc4                SPC_SetSRAMOperateVoltage
 .text.SPC_SetActiveModeCoreLDORegulatorVoltageLevel
                0x0000000010004be8       0x38 modules/hal_nxp/hal_nxp/lib..__modules__hal__nxp.a(fsl_spc.c.obj)
                0x0000000010004be8                SPC_SetActiveModeCoreLDORegulatorVoltageLevel
 .text.SPC_SetActiveModeCoreLDORegulatorDriveStrength
                0x0000000010004c20       0x3c modules/hal_nxp/hal_nxp/lib..__modules__hal__nxp.a(fsl_spc.c.obj)
                0x0000000010004c20                SPC_SetActiveModeCoreLDORegulatorDriveStrength
 .text.SPC_SetActiveModeCoreLDORegulatorConfig
                0x0000000010004c5c       0x60 modules/hal_nxp/hal_nxp/lib..__modules__hal__nxp.a(fsl_spc.c.obj)
                0x0000000010004c5c                SPC_SetActiveModeCoreLDORegulatorConfig
 .text.SPC_SetActiveModeDCDCRegulatorDriveStrength
                0x0000000010004cbc       0x2c modules/hal_nxp/hal_nxp/lib..__modules__hal__nxp.a(fsl_spc.c.obj)
                0x0000000010004cbc                SPC_SetActiveModeDCDCRegulatorDriveStrength
 .text.SPC_SetActiveModeDCDCRegulatorConfig
                0x0000000010004ce8       0x38 modules/hal_nxp/hal_nxp/lib..__modules__hal__nxp.a(fsl_spc.c.obj)
                0x0000000010004ce8                SPC_SetActiveModeDCDCRegulatorConfig
 .text.z_device_state_init
                0x0000000010004d20        0x2 zephyr/kernel/libkernel.a(device.c.obj)
                0x0000000010004d20                z_device_state_init
 .text.z_impl_device_is_ready
                0x0000000010004d22       0x16 zephyr/kernel/libkernel.a(device.c.obj)
                0x0000000010004d22                z_impl_device_is_ready
 .text.arch_system_halt
                0x0000000010004d38       0x10 zephyr/kernel/libkernel.a(fatal.c.obj)
                0x0000000010004d38                arch_system_halt
 .text.k_sys_fatal_error_handler
                0x0000000010004d48        0x6 zephyr/kernel/libkernel.a(fatal.c.obj)
                0x0000000010004d48                k_sys_fatal_error_handler
 .text.do_device_init
                0x0000000010004d4e       0x30 zephyr/kernel/libkernel.a(init.c.obj)
 .text.z_early_memset
                0x0000000010004d7e        0x4 zephyr/kernel/libkernel.a(init.c.obj)
                0x0000000010004d7e                z_early_memset
 .text.z_early_memcpy
                0x0000000010004d82        0x4 zephyr/kernel/libkernel.a(init.c.obj)
                0x0000000010004d82                z_early_memcpy
 .text.z_init_static
                0x0000000010004d86        0x2 zephyr/kernel/libkernel.a(init_static.c.obj)
                0x0000000010004d86                z_init_static
 .text.idle     0x0000000010004d88       0x16 zephyr/kernel/libkernel.a(idle.c.obj)
                0x0000000010004d88                idle
 .text.z_impl_k_thread_start
                0x0000000010004d9e        0x4 zephyr/kernel/libkernel.a(thread.c.obj)
                0x0000000010004d9e                z_impl_k_thread_start
 .text.sys_dlist_remove
                0x0000000010004da2       0x10 zephyr/kernel/libkernel.a(sched.c.obj)
 .text.unpend_thread_no_timeout
                0x0000000010004db2       0x14 zephyr/kernel/libkernel.a(sched.c.obj)
 .text.z_ready_thread
                0x0000000010004dc6       0x1e zephyr/kernel/libkernel.a(sched.c.obj)
                0x0000000010004dc6                z_ready_thread
 .text.z_impl_k_thread_suspend
                0x0000000010004de4       0x34 zephyr/kernel/libkernel.a(sched.c.obj)
                0x0000000010004de4                z_impl_k_thread_suspend
 .text.z_sched_wake_thread
                0x0000000010004e18       0x42 zephyr/kernel/libkernel.a(sched.c.obj)
                0x0000000010004e18                z_sched_wake_thread
 .text.z_thread_timeout
                0x0000000010004e5a        0x8 zephyr/kernel/libkernel.a(sched.c.obj)
                0x0000000010004e5a                z_thread_timeout
 .text.z_thread_abort
                0x0000000010004e62       0x44 zephyr/kernel/libkernel.a(sched.c.obj)
                0x0000000010004e62                z_thread_abort
 .text.z_abort_timeout
                0x0000000010004ea6       0x2a zephyr/kernel/libkernel.a(timeout.c.obj)
                0x0000000010004ea6                z_abort_timeout
 .text.sys_clock_tick_get_32
                0x0000000010004ed0        0x8 zephyr/kernel/libkernel.a(timeout.c.obj)
                0x0000000010004ed0                sys_clock_tick_get_32
 .text.strnlen  0x0000000010004ed8       0x18 /workspaces/zephyr-codespace/.zephyr-sdk/zephyr-sdk-0.16.8/arm-zephyr-eabi/bin/../lib/gcc/../../picolibc/arm-zephyr-eabi/lib/thumb/v8-m.main/nofp/libc.a(libc_string_strnlen.c.o)
                0x0000000010004ed8                strnlen
 .text.__ultoa_invert
                0x0000000010004ef0       0xac /workspaces/zephyr-codespace/.zephyr-sdk/zephyr-sdk-0.16.8/arm-zephyr-eabi/bin/../lib/gcc/../../picolibc/arm-zephyr-eabi/lib/thumb/v8-m.main/nofp/libc.a(libc_tinystdio_vflprintf.c.o)
 .text.memcpy   0x0000000010004f9c       0x1a /workspaces/zephyr-codespace/.zephyr-sdk/zephyr-sdk-0.16.8/arm-zephyr-eabi/bin/../lib/gcc/../../picolibc/arm-zephyr-eabi/lib/thumb/v8-m.main/nofp/libc.a(memcpy.c.o)
                0x0000000010004f9c                memcpy
                0x0000000010004f9c                __aeabi_memcpy
                0x0000000010004f9c                __aeabi_memcpy4
                0x0000000010004f9c                __aeabi_memcpy8
 .text.memset   0x0000000010004fb6       0x10 /workspaces/zephyr-codespace/.zephyr-sdk/zephyr-sdk-0.16.8/arm-zephyr-eabi/bin/../lib/gcc/../../picolibc/arm-zephyr-eabi/lib/thumb/v8-m.main/nofp/libc.a(memset.c.o)
                0x0000000010004fb6                memset
 *(SORT_BY_ALIGNMENT(.TEXT.*))
 *fill*         0x0000000010004fc6        0x2 
 .TEXT.__aeabi_read_tp
                0x0000000010004fc8        0xc zephyr/arch/arch/arm/core/cortex_m/libarch__arm__core__cortex_m.a(__aeabi_read_tp.S.obj)
                0x0000000010004fc8                __aeabi_read_tp
 *(SORT_BY_ALIGNMENT(.gnu.linkonce.t.*))
 *(SORT_BY_ALIGNMENT(.glue_7t))
 .glue_7t       0x0000000010004fd4        0x0 linker stubs
 *(SORT_BY_ALIGNMENT(.glue_7))
 .glue_7        0x0000000010004fd4        0x0 linker stubs
 *(SORT_BY_ALIGNMENT(.vfp11_veneer))
 .vfp11_veneer  0x0000000010004fd4        0x0 linker stubs
 *(SORT_BY_ALIGNMENT(.v4_bx))
 .v4_bx         0x0000000010004fd4        0x0 linker stubs
                0x0000000010004fd4                . = ALIGN (0x4)
                0x0000000010004fd4                __text_region_end = .

.ARM.exidx      0x0000000010004fd4        0x8
                0x0000000010004fd4                __exidx_start = .
 *(SORT_BY_ALIGNMENT(.ARM.exidx*) SORT_BY_ALIGNMENT(gnu.linkonce.armexidx.*))
 .ARM.exidx     0x0000000010004fd4        0x8 /workspaces/zephyr-codespace/.zephyr-sdk/zephyr-sdk-0.16.8/arm-zephyr-eabi/bin/../lib/gcc/arm-zephyr-eabi/12.2.0/thumb/v8-m.main/nofp/libgcc.a(_udivmoddi4.o)
                0x0000000010004fdc                __exidx_end = .
                0x0000000010004fdc                __rodata_region_start = .

initlevel       0x0000000010004fdc       0xa0
                0x0000000010004fdc                __init_start = .
                0x0000000010004fdc                __init_EARLY_start = .
 *(SORT_BY_NAME(SORT_BY_ALIGNMENT(.z_init_EARLY?_*)))
 *(SORT_BY_NAME(SORT_BY_ALIGNMENT(.z_init_EARLY??_*)))
                0x0000000010004fdc                __init_PRE_KERNEL_1_start = .
 *(SORT_BY_NAME(SORT_BY_ALIGNMENT(.z_init_PRE_KERNEL_1?_*)))
 .z_init_PRE_KERNEL_11_0_
                0x0000000010004fdc        0x8 zephyr/boards/nxp/frdm_mcxn236/libboards__nxp__frdm_mcxn236.a(board.c.obj)
 *(SORT_BY_NAME(SORT_BY_ALIGNMENT(.z_init_PRE_KERNEL_1??_*)))
 .z_init_PRE_KERNEL_130_00010_
                0x0000000010004fe4        0x8 zephyr/drivers/clock_control/libdrivers__clock_control.a(clock_control_mcux_syscon.c.obj)
 .z_init_PRE_KERNEL_140_00011_
                0x0000000010004fec        0x8 zephyr/drivers/pinctrl/libdrivers__pinctrl.a(pinctrl_kinetis.c.obj)
 .z_init_PRE_KERNEL_140_00016_
                0x0000000010004ff4        0x8 zephyr/drivers/pinctrl/libdrivers__pinctrl.a(pinctrl_kinetis.c.obj)
 .z_init_PRE_KERNEL_140_00058_
                0x0000000010004ffc        0x8 zephyr/drivers/pinctrl/libdrivers__pinctrl.a(pinctrl_kinetis.c.obj)
 .z_init_PRE_KERNEL_140_00060_
                0x0000000010005004        0x8 zephyr/drivers/pinctrl/libdrivers__pinctrl.a(pinctrl_kinetis.c.obj)
 .z_init_PRE_KERNEL_140_00062_
                0x000000001000500c        0x8 zephyr/drivers/pinctrl/libdrivers__pinctrl.a(pinctrl_kinetis.c.obj)
 .z_init_PRE_KERNEL_140_00064_
                0x0000000010005014        0x8 zephyr/drivers/pinctrl/libdrivers__pinctrl.a(pinctrl_kinetis.c.obj)
 .z_init_PRE_KERNEL_140_00090_
                0x000000001000501c        0x8 zephyr/drivers/mfd/libdrivers__mfd.a(mfd_nxp_lp_flexcomm.c.obj)
 .z_init_PRE_KERNEL_140_00094_
                0x0000000010005024        0x8 zephyr/drivers/mfd/libdrivers__mfd.a(mfd_nxp_lp_flexcomm.c.obj)
 .z_init_PRE_KERNEL_140_00098_
                0x000000001000502c        0x8 zephyr/drivers/mfd/libdrivers__mfd.a(mfd_nxp_lp_flexcomm.c.obj)
 .z_init_PRE_KERNEL_140_00102_
                0x0000000010005034        0x8 zephyr/drivers/mfd/libdrivers__mfd.a(mfd_nxp_lp_flexcomm.c.obj)
 .z_init_PRE_KERNEL_150_00092_
                0x000000001000503c        0x8 zephyr/drivers/serial/libdrivers__serial.a(uart_mcux_lpuart.c.obj)
 .z_init_PRE_KERNEL_150_00100_
                0x0000000010005044        0x8 zephyr/drivers/serial/libdrivers__serial.a(uart_mcux_lpuart.c.obj)
 .z_init_PRE_KERNEL_160_0_
                0x000000001000504c        0x8 zephyr/drivers/console/libdrivers__console.a(uart_console.c.obj)
                0x0000000010005054                __init_PRE_KERNEL_2_start = .
 *(SORT_BY_NAME(SORT_BY_ALIGNMENT(.z_init_PRE_KERNEL_2?_*)))
 .z_init_PRE_KERNEL_20_0_
                0x0000000010005054        0x8 zephyr/drivers/timer/libdrivers__timer.a(cortex_m_systick.c.obj)
 *(SORT_BY_NAME(SORT_BY_ALIGNMENT(.z_init_PRE_KERNEL_2??_*)))
                0x000000001000505c                __init_POST_KERNEL_start = .
 *(SORT_BY_NAME(SORT_BY_ALIGNMENT(.z_init_POST_KERNEL?_*)))
 *(SORT_BY_NAME(SORT_BY_ALIGNMENT(.z_init_POST_KERNEL??_*)))
 .z_init_POST_KERNEL35_0_
                0x000000001000505c        0x8 zephyr/lib/libc/common/liblib__libc__common.a(malloc.c.obj)
 .z_init_POST_KERNEL40_00012_
                0x0000000010005064        0x8 zephyr/drivers/gpio/libdrivers__gpio.a(gpio_mcux.c.obj)
 .z_init_POST_KERNEL40_00017_
                0x000000001000506c        0x8 zephyr/drivers/gpio/libdrivers__gpio.a(gpio_mcux.c.obj)
 .z_init_POST_KERNEL40_00061_
                0x0000000010005074        0x8 zephyr/drivers/gpio/libdrivers__gpio.a(gpio_mcux.c.obj)
                0x000000001000507c                __init_APPLICATION_start = .
 *(SORT_BY_NAME(SORT_BY_ALIGNMENT(.z_init_APPLICATION?_*)))
 *(SORT_BY_NAME(SORT_BY_ALIGNMENT(.z_init_APPLICATION??_*)))
                0x000000001000507c                __init_SMP_start = .
 *(SORT_BY_NAME(SORT_BY_ALIGNMENT(.z_init_SMP?_*)))
 *(SORT_BY_NAME(SORT_BY_ALIGNMENT(.z_init_SMP??_*)))
                0x000000001000507c                __init_end = .
                0x000000001000507c                __deferred_init_list_start = .
 *(SORT_BY_ALIGNMENT(.z_deferred_init*))
                0x000000001000507c                __deferred_init_list_end = .

device_area     0x000000001000507c      0x140
                0x000000001000507c                _device_list_start = .
 *(SORT_BY_NAME(SORT_BY_ALIGNMENT(._device.static.*_?_*)))
 *(SORT_BY_NAME(SORT_BY_ALIGNMENT(._device.static.*_??_*)))
 ._device.static.1_30_
                0x000000001000507c       0x14 zephyr/drivers/clock_control/libdrivers__clock_control.a(clock_control_mcux_syscon.c.obj)
                0x000000001000507c                __device_dts_ord_10
 ._device.static.1_40_
                0x0000000010005090       0x50 zephyr/drivers/mfd/libdrivers__mfd.a(mfd_nxp_lp_flexcomm.c.obj)
                0x0000000010005090                __device_dts_ord_102
                0x00000000100050a4                __device_dts_ord_98
                0x00000000100050b8                __device_dts_ord_94
                0x00000000100050cc                __device_dts_ord_90
 ._device.static.1_40_
                0x00000000100050e0       0x78 zephyr/drivers/pinctrl/libdrivers__pinctrl.a(pinctrl_kinetis.c.obj)
                0x00000000100050e0                __device_dts_ord_58
                0x00000000100050f4                __device_dts_ord_16
                0x0000000010005108                __device_dts_ord_64
                0x000000001000511c                __device_dts_ord_62
                0x0000000010005130                __device_dts_ord_60
                0x0000000010005144                __device_dts_ord_11
 ._device.static.1_50_
                0x0000000010005158       0x28 zephyr/drivers/serial/libdrivers__serial.a(uart_mcux_lpuart.c.obj)
                0x0000000010005158                __device_dts_ord_100
                0x000000001000516c                __device_dts_ord_92
 ._device.static.3_40_
                0x0000000010005180       0x3c zephyr/drivers/gpio/libdrivers__gpio.a(gpio_mcux.c.obj)
                0x0000000010005180                __device_dts_ord_17
                0x0000000010005194                __device_dts_ord_61
                0x00000000100051a8                __device_dts_ord_12
                0x00000000100051bc                _device_list_end = .

sw_isr_table    0x00000000100051bc      0x4d8
                0x00000000100051bc                . = ALIGN (0x4)
 *(SORT_BY_ALIGNMENT(.gnu.linkonce.sw_isr_table*))
 .gnu.linkonce.sw_isr_table
                0x00000000100051bc      0x4d8 zephyr/arch/common/libisr_tables.a(isr_tables.c.obj)
                0x00000000100051bc                _sw_isr_table

initlevel_error
                0x0000000010004fdc        0x0
 *(SORT_BY_NAME(SORT_BY_ALIGNMENT(.z_init_[_A-Z0-9]*)))
                0x0000000000000001                ASSERT ((SIZEOF (initlevel_error) == 0x0), Undefined initialization levels used.)

app_shmem_regions
                0x0000000010005694        0x0
                0x0000000010005694                __app_shmem_regions_start = .
 *(SORT_BY_NAME(SORT_BY_ALIGNMENT(.app_regions.*)))
                0x0000000010005694                __app_shmem_regions_end = .

k_p4wq_initparam_area
                0x0000000010005694        0x0
                0x0000000010005694                _k_p4wq_initparam_list_start = .
 *(SORT_BY_NAME(SORT_BY_ALIGNMENT(._k_p4wq_initparam.static.*)))
                0x0000000010005694                _k_p4wq_initparam_list_end = .

_static_thread_data_area
                0x0000000010005694        0x0
                0x0000000010005694                __static_thread_data_list_start = .
 *(SORT_BY_NAME(SORT_BY_ALIGNMENT(.__static_thread_data.static.*)))
                0x0000000010005694                __static_thread_data_list_end = .

device_deps     0x0000000010005694        0x0
                0x0000000010005694                __device_deps_start = .
 *(SORT_BY_NAME(SORT_BY_ALIGNMENT(.__device_deps_pass2*)))
                0x0000000010005694                __device_deps_end = .

ztest           0x0000000010005694        0x0
                0x0000000010005694                _ztest_expected_result_entry_list_start = .
 *(SORT_BY_NAME(SORT_BY_ALIGNMENT(._ztest_expected_result_entry.static.*)))
                0x0000000010005694                _ztest_expected_result_entry_list_end = .
                0x0000000010005694                _ztest_suite_node_list_start = .
 *(SORT_BY_NAME(SORT_BY_ALIGNMENT(._ztest_suite_node.static.*)))
                0x0000000010005694                _ztest_suite_node_list_end = .
                0x0000000010005694                _ztest_unit_test_list_start = .
 *(SORT_BY_NAME(SORT_BY_ALIGNMENT(._ztest_unit_test.static.*)))
                0x0000000010005694                _ztest_unit_test_list_end = .
                0x0000000010005694                _ztest_test_rule_list_start = .
 *(SORT_BY_NAME(SORT_BY_ALIGNMENT(._ztest_test_rule.static.*)))
                0x0000000010005694                _ztest_test_rule_list_end = .

init_array      0x0000000010005694        0x0
 *(SORT_BY_NAME(SORT_BY_ALIGNMENT(.ctors*)))
 *(SORT_BY_NAME(SORT_BY_ALIGNMENT(.init_array*)))
                0x0000000000000001                ASSERT ((SIZEOF (init_array) == 0x0), GNU-style constructors required but STATIC_INIT_GNU not enabled)

bt_l2cap_fixed_chan_area
                0x0000000010005694        0x0
                0x0000000010005694                _bt_l2cap_fixed_chan_list_start = .
 *(SORT_BY_NAME(SORT_BY_ALIGNMENT(._bt_l2cap_fixed_chan.static.*)))
                0x0000000010005694                _bt_l2cap_fixed_chan_list_end = .

bt_gatt_service_static_area
                0x0000000010005694        0x0
                0x0000000010005694                _bt_gatt_service_static_list_start = .
 *(SORT_BY_NAME(SORT_BY_ALIGNMENT(._bt_gatt_service_static.static.*)))
                0x0000000010005694                _bt_gatt_service_static_list_end = .

log_strings_area
                0x0000000010005694        0x0
                0x0000000010005694                _log_strings_list_start = .
 *(SORT_BY_NAME(SORT_BY_ALIGNMENT(._log_strings.static.*)))
                0x0000000010005694                _log_strings_list_end = .

log_const_area  0x0000000010005694        0x0
                0x0000000010005694                _log_const_list_start = .
 *(SORT_BY_NAME(SORT_BY_ALIGNMENT(._log_const.static.*)))
                0x0000000010005694                _log_const_list_end = .

log_backend_area
                0x0000000010005694        0x0
                0x0000000010005694                _log_backend_list_start = .
 *(SORT_BY_NAME(SORT_BY_ALIGNMENT(._log_backend.static.*)))
                0x0000000010005694                _log_backend_list_end = .

log_link_area   0x0000000010005694        0x0
                0x0000000010005694                _log_link_list_start = .
 *(SORT_BY_NAME(SORT_BY_ALIGNMENT(._log_link.static.*)))
                0x0000000010005694                _log_link_list_end = .

tracing_backend_area
                0x0000000010005694        0x0
                0x0000000010005694                _tracing_backend_list_start = .
 *(SORT_BY_NAME(SORT_BY_ALIGNMENT(._tracing_backend.static.*)))
                0x0000000010005694                _tracing_backend_list_end = .

zephyr_dbg_info
 *(SORT_BY_ALIGNMENT(.dbg_thread_info))

intc_table_area
                0x0000000010005694        0x0
                0x0000000010005694                _intc_table_list_start = .
 *(SORT_BY_NAME(SORT_BY_ALIGNMENT(._intc_table.static.*)))
                0x0000000010005694                _intc_table_list_end = .

symbol_to_keep  0x0000000010005694        0x0
                0x0000000010005694                __symbol_to_keep_start = .
 *(SORT_BY_NAME(SORT_BY_ALIGNMENT(.symbol_to_keep*)))
                0x0000000010005694                __symbol_to_keep_end = .

shell_area      0x0000000010005694        0x0
                0x0000000010005694                _shell_list_start = .
 *(SORT_BY_NAME(SORT_BY_ALIGNMENT(._shell.static.*)))
                0x0000000010005694                _shell_list_end = .

shell_root_cmds_area
                0x0000000010005694        0x0
                0x0000000010005694                _shell_root_cmds_list_start = .
 *(SORT_BY_NAME(SORT_BY_ALIGNMENT(._shell_root_cmds.static.*)))
                0x0000000010005694                _shell_root_cmds_list_end = .

shell_subcmds_area
                0x0000000010005694        0x0
                0x0000000010005694                _shell_subcmds_list_start = .
 *(SORT_BY_NAME(SORT_BY_ALIGNMENT(._shell_subcmds.static.*)))
                0x0000000010005694                _shell_subcmds_list_end = .

shell_dynamic_subcmds_area
                0x0000000010005694        0x0
                0x0000000010005694                _shell_dynamic_subcmds_list_start = .
 *(SORT_BY_NAME(SORT_BY_ALIGNMENT(._shell_dynamic_subcmds.static.*)))
                0x0000000010005694                _shell_dynamic_subcmds_list_end = .

cfb_font_area   0x0000000010005694        0x0
                0x0000000010005694                _cfb_font_list_start = .
 *(SORT_BY_NAME(SORT_BY_ALIGNMENT(._cfb_font.static.*)))
                0x0000000010005694                _cfb_font_list_end = .

tdata           0x0000000010005694        0x0
 *(SORT_BY_ALIGNMENT(.tdata) SORT_BY_ALIGNMENT(.tdata.*) SORT_BY_ALIGNMENT(.gnu.linkonce.td.*))

tbss            0x0000000010005694        0x4
 *(SORT_BY_ALIGNMENT(.tbss) SORT_BY_ALIGNMENT(.tbss.*) SORT_BY_ALIGNMENT(.gnu.linkonce.tb.*) SORT_BY_ALIGNMENT(.tcommon))
 .tbss.z_tls_current
                0x0000000010005694        0x4 zephyr/libzephyr.a(thread_entry.c.obj)
                0x0000000010005694                z_tls_current
                0x0000000010005694                PROVIDE (__tdata_start = LOADADDR (tdata))
                0x0000000000000001                PROVIDE (__tdata_align = ALIGNOF (tdata))
                0x0000000000000000                PROVIDE (__tdata_size = (((SIZEOF (tdata) + __tdata_align) - 0x1) & ~ ((__tdata_align - 0x1))))
                [!provide]                        PROVIDE (__tdata_end = (__tdata_start + __tdata_size))
                0x0000000000000004                PROVIDE (__tbss_align = ALIGNOF (tbss))
                [!provide]                        PROVIDE (__tbss_start = ADDR (tbss))
                0x0000000000000004                PROVIDE (__tbss_size = (((SIZEOF (tbss) + __tbss_align) - 0x1) & ~ ((__tbss_align - 0x1))))
                [!provide]                        PROVIDE (__tbss_end = (__tbss_start + __tbss_size))
                [!provide]                        PROVIDE (__tls_start = __tdata_start)
                [!provide]                        PROVIDE (__tls_end = __tbss_end)
                [!provide]                        PROVIDE (__tls_size = (__tbss_end - __tdata_start))

rodata          0x0000000010005694      0x3b8
 *(SORT_BY_ALIGNMENT(.rodata))
 .rodata        0x0000000010005694        0x6 zephyr/boards/nxp/frdm_mcxn236/libboards__nxp__frdm_mcxn236.a(board.c.obj)
 *(SORT_BY_ALIGNMENT(.rodata.*))
 *fill*         0x000000001000569a        0x2 
 .rodata.blue_led
                0x000000001000569c        0x8 app/libapp.a(main.c.obj)
 .rodata.green_led
                0x00000000100056a4        0x8 app/libapp.a(main.c.obj)
 .rodata.red_led
                0x00000000100056ac        0x8 app/libapp.a(main.c.obj)
 .rodata.mem_attr_region
                0x00000000100056b4       0x10 zephyr/libzephyr.a(mem_attr.c.obj)
 .rodata.static_regions
                0x00000000100056c4        0xc zephyr/arch/arch/arm/core/mpu/libarch__arm__core__mpu.a(arm_core_mpu.c.obj)
 .rodata.mpu_config
                0x00000000100056d0        0x8 zephyr/arch/arch/arm/core/mpu/libarch__arm__core__mpu.a(arm_mpu_regions.c.obj)
                0x00000000100056d0                mpu_config
 .rodata.mpu_regions
                0x00000000100056d8       0x20 zephyr/arch/arch/arm/core/mpu/libarch__arm__core__mpu.a(arm_mpu_regions.c.obj)
 .rodata.mcux_lpc_syscon_api
                0x00000000100056f8       0x1c zephyr/drivers/clock_control/libdrivers__clock_control.a(clock_control_mcux_syscon.c.obj)
 .rodata.gpio_mcux_port2_config
                0x0000000010005714       0x10 zephyr/drivers/gpio/libdrivers__gpio.a(gpio_mcux.c.obj)
 .rodata.gpio_mcux_port1_config
                0x0000000010005724       0x10 zephyr/drivers/gpio/libdrivers__gpio.a(gpio_mcux.c.obj)
 .rodata.gpio_mcux_port0_config
                0x0000000010005734       0x10 zephyr/drivers/gpio/libdrivers__gpio.a(gpio_mcux.c.obj)
 .rodata.gpio_mcux_driver_api
                0x0000000010005744       0x24 zephyr/drivers/gpio/libdrivers__gpio.a(gpio_mcux.c.obj)
 .rodata.nxp_lp_flexcomm_config_3
                0x0000000010005768        0x8 zephyr/drivers/mfd/libdrivers__mfd.a(mfd_nxp_lp_flexcomm.c.obj)
 .rodata.nxp_lp_flexcomm_config_2
                0x0000000010005770        0x8 zephyr/drivers/mfd/libdrivers__mfd.a(mfd_nxp_lp_flexcomm.c.obj)
 .rodata.nxp_lp_flexcomm_config_1
                0x0000000010005778        0x8 zephyr/drivers/mfd/libdrivers__mfd.a(mfd_nxp_lp_flexcomm.c.obj)
 .rodata.nxp_lp_flexcomm_config_0
                0x0000000010005780        0x8 zephyr/drivers/mfd/libdrivers__mfd.a(mfd_nxp_lp_flexcomm.c.obj)
 .rodata.pinctrl_mcux_5_config
                0x0000000010005788        0x8 zephyr/drivers/pinctrl/libdrivers__pinctrl.a(pinctrl_kinetis.c.obj)
 .rodata.pinctrl_mcux_4_config
                0x0000000010005790        0x8 zephyr/drivers/pinctrl/libdrivers__pinctrl.a(pinctrl_kinetis.c.obj)
 .rodata.pinctrl_mcux_3_config
                0x0000000010005798        0x8 zephyr/drivers/pinctrl/libdrivers__pinctrl.a(pinctrl_kinetis.c.obj)
 .rodata.pinctrl_mcux_2_config
                0x00000000100057a0        0x8 zephyr/drivers/pinctrl/libdrivers__pinctrl.a(pinctrl_kinetis.c.obj)
 .rodata.pinctrl_mcux_1_config
                0x00000000100057a8        0x8 zephyr/drivers/pinctrl/libdrivers__pinctrl.a(pinctrl_kinetis.c.obj)
 .rodata.pinctrl_mcux_0_config
                0x00000000100057b0        0x8 zephyr/drivers/pinctrl/libdrivers__pinctrl.a(pinctrl_kinetis.c.obj)
 .rodata.ports  0x00000000100057b8       0x18 zephyr/drivers/pinctrl/libdrivers__pinctrl.a(pinctrl_kinetis.c.obj)
 .rodata.mcux_lpuart_1_config
                0x00000000100057d0       0x24 zephyr/drivers/serial/libdrivers__serial.a(uart_mcux_lpuart.c.obj)
 .rodata.__pinctrl_dev_config__device_dts_ord_100
                0x00000000100057f4        0x8 zephyr/drivers/serial/libdrivers__serial.a(uart_mcux_lpuart.c.obj)
 .rodata.__pinctrl_states__device_dts_ord_100
                0x00000000100057fc        0x8 zephyr/drivers/serial/libdrivers__serial.a(uart_mcux_lpuart.c.obj)
 .rodata.__pinctrl_state_pins_0__device_dts_ord_100
                0x0000000010005804        0x8 zephyr/drivers/serial/libdrivers__serial.a(uart_mcux_lpuart.c.obj)
 .rodata.mcux_lpuart_0_config
                0x000000001000580c       0x24 zephyr/drivers/serial/libdrivers__serial.a(uart_mcux_lpuart.c.obj)
 .rodata.__pinctrl_dev_config__device_dts_ord_92
                0x0000000010005830        0x8 zephyr/drivers/serial/libdrivers__serial.a(uart_mcux_lpuart.c.obj)
 .rodata.__pinctrl_states__device_dts_ord_92
                0x0000000010005838        0x8 zephyr/drivers/serial/libdrivers__serial.a(uart_mcux_lpuart.c.obj)
 .rodata.__pinctrl_state_pins_0__device_dts_ord_92
                0x0000000010005840        0x8 zephyr/drivers/serial/libdrivers__serial.a(uart_mcux_lpuart.c.obj)
 .rodata.mcux_lpuart_driver_api
                0x0000000010005848       0x4c zephyr/drivers/serial/libdrivers__serial.a(uart_mcux_lpuart.c.obj)
 .rodata.s_lpflexcommResets
                0x0000000010005894       0x20 modules/hal_nxp/hal_nxp/lib..__modules__hal__nxp.a(fsl_lpflexcomm.c.obj)
 .rodata.s_lpflexcommBase
                0x00000000100058b4       0x20 modules/hal_nxp/hal_nxp/lib..__modules__hal__nxp.a(fsl_lpflexcomm.c.obj)
 .rodata.s_lpflexcommBaseAddrs
                0x00000000100058d4       0x20 modules/hal_nxp/hal_nxp/lib..__modules__hal__nxp.a(fsl_lpflexcomm.c.obj)
 .rodata.levels.0
                0x00000000100058f4       0x18 zephyr/kernel/libkernel.a(init.c.obj)
 .rodata.s_lpflexcommClocks
                0x000000001000590c       0x10 modules/hal_nxp/hal_nxp/lib..__modules__hal__nxp.a(fsl_lpflexcomm.c.obj)
 .rodata.str1.1
                0x000000001000591c        0xf zephyr/libzephyr.a(mem_attr.c.obj)
 .rodata.str1.1
                0x000000001000592b        0xf zephyr/arch/arch/arm/core/mpu/libarch__arm__core__mpu.a(arm_mpu_regions.c.obj)
 .rodata.str1.1
                0x000000001000593a        0x9 zephyr/drivers/clock_control/libdrivers__clock_control.a(clock_control_mcux_syscon.c.obj)
 .rodata.str1.1
                0x0000000010005943       0x21 zephyr/drivers/gpio/libdrivers__gpio.a(gpio_mcux.c.obj)
 .rodata.str1.1
                0x0000000010005964       0x3c zephyr/drivers/mfd/libdrivers__mfd.a(mfd_nxp_lp_flexcomm.c.obj)
 .rodata.str1.1
                0x00000000100059a0       0x53 zephyr/drivers/pinctrl/libdrivers__pinctrl.a(pinctrl_kinetis.c.obj)
 .rodata.str1.1
                0x00000000100059f3       0x1a zephyr/drivers/serial/libdrivers__serial.a(uart_mcux_lpuart.c.obj)
 .rodata.z_cstart.str1.1
                0x0000000010005a0d        0x5 zephyr/kernel/libkernel.a(init.c.obj)
 .rodata.boot_banner.str1.1
                0x0000000010005a12       0x28 zephyr/kernel/libkernel.a(banner.c.obj)
 .rodata.__l_vfprintf.str1.1
                0x0000000010005a3a        0xf /workspaces/zephyr-codespace/.zephyr-sdk/zephyr-sdk-0.16.8/arm-zephyr-eabi/bin/../lib/gcc/../../picolibc/arm-zephyr-eabi/lib/thumb/v8-m.main/nofp/libc.a(libc_tinystdio_vflprintf.c.o)
 *(SORT_BY_ALIGNMENT(.gnu.linkonce.r.*))
                0x0000000010005a4c                . = ALIGN (0x4)
 *fill*         0x0000000010005a49        0x3 
                0x0000000010005a4c                __rodata_region_end = .
                0x0000000010005a60                . = ALIGN (_region_min_align)
                0x0000000010005a60                __rom_region_end = ((__rom_region_start + .) - ADDR (rom_start))

/DISCARD/
 *(SORT_BY_ALIGNMENT(.got.plt))
 *(SORT_BY_ALIGNMENT(.igot.plt))
 *(SORT_BY_ALIGNMENT(.got))
 *(SORT_BY_ALIGNMENT(.igot))
                0x0000000030000000                . = 0x30000000
                0x0000000030000000                . = ALIGN (_region_min_align)
                0x0000000030000000                _image_ram_start = .

.ramfunc        0x0000000030000000        0x0 load address 0x0000000010005a4c
                0x0000000030000000                __ramfunc_region_start = .
                0x0000000030000000                . = ALIGN (_region_min_align)
                0x0000000030000000                __ramfunc_start = .
 *(SORT_BY_ALIGNMENT(.ramfunc))
 *(SORT_BY_ALIGNMENT(.ramfunc.*))
                0x0000000030000000                . = ALIGN (0x4)
 *(SORT_BY_ALIGNMENT(CodeQuickAccess))
                0x0000000030000000                . = ALIGN (_region_min_align)
                0x0000000030000000                __ramfunc_end = .
                0x0000000000000000                __ramfunc_size = (__ramfunc_end - __ramfunc_start)
                0x0000000010005a4c                __ramfunc_load_start = LOADADDR (.ramfunc)

datas           0x0000000030000000      0x108 load address 0x0000000010005a4c
                0x0000000030000000                __data_region_start = .
                0x0000000030000000                __data_start = .
 *(SORT_BY_ALIGNMENT(.data))
 *(SORT_BY_ALIGNMENT(.data.*))
 .data._char_out
                0x0000000030000000        0x4 zephyr/libzephyr.a(printk.c.obj)
 .data.__stdout
                0x0000000030000004       0x10 zephyr/lib/libc/picolibc/liblib__libc__picolibc.a(libc-hooks.c.obj)
 .data.nxp_lp_flexcomm_data_3
                0x0000000030000014        0x8 zephyr/drivers/mfd/libdrivers__mfd.a(mfd_nxp_lp_flexcomm.c.obj)
 .data.nxp_lp_flexcomm_children_3
                0x000000003000001c       0x30 zephyr/drivers/mfd/libdrivers__mfd.a(mfd_nxp_lp_flexcomm.c.obj)
 .data.nxp_lp_flexcomm_data_2
                0x000000003000004c        0x8 zephyr/drivers/mfd/libdrivers__mfd.a(mfd_nxp_lp_flexcomm.c.obj)
 .data.nxp_lp_flexcomm_children_2
                0x0000000030000054       0x30 zephyr/drivers/mfd/libdrivers__mfd.a(mfd_nxp_lp_flexcomm.c.obj)
 .data.nxp_lp_flexcomm_data_1
                0x0000000030000084        0x8 zephyr/drivers/mfd/libdrivers__mfd.a(mfd_nxp_lp_flexcomm.c.obj)
 .data.nxp_lp_flexcomm_children_1
                0x000000003000008c       0x30 zephyr/drivers/mfd/libdrivers__mfd.a(mfd_nxp_lp_flexcomm.c.obj)
 .data.nxp_lp_flexcomm_data_0
                0x00000000300000bc        0x8 zephyr/drivers/mfd/libdrivers__mfd.a(mfd_nxp_lp_flexcomm.c.obj)
 .data.nxp_lp_flexcomm_children_0
                0x00000000300000c4       0x30 zephyr/drivers/mfd/libdrivers__mfd.a(mfd_nxp_lp_flexcomm.c.obj)
 .data.s_Xtal32_Freq
                0x00000000300000f4        0x4 modules/hal_nxp/hal_nxp/lib..__modules__hal__nxp.a(fsl_clock.c.obj)
 .data.s_Ext_Clk_Freq
                0x00000000300000f8        0x4 modules/hal_nxp/hal_nxp/lib..__modules__hal__nxp.a(fsl_clock.c.obj)
 .data.SystemCoreClock
                0x00000000300000fc        0x4 modules/hal_nxp/hal_nxp/lib..__modules__hal__nxp.a(system_MCXN236.c.obj)
                0x00000000300000fc                SystemCoreClock
 .data.timeout_list
                0x0000000030000100        0x8 zephyr/kernel/libkernel.a(timeout.c.obj)
 *(SORT_BY_ALIGNMENT(.kernel.*))
                0x0000000030000108                . = ALIGN (0x4)
 *(SORT_BY_ALIGNMENT(DataQuickAccess))
                0x0000000030000108                __data_end = .
                0x0000000000000108                __data_size = (__data_end - __data_start)
                0x0000000010005a4c                __data_load_start = LOADADDR (datas)
                0x0000000010005a4c                __data_region_load_start = LOADADDR (datas)

device_states   0x0000000030000108       0x20 load address 0x0000000010005b54
                0x0000000030000108                __device_states_start = .
 *(SORT_BY_ALIGNMENT(.z_devstate))
 .z_devstate    0x0000000030000108        0x2 zephyr/drivers/clock_control/libdrivers__clock_control.a(clock_control_mcux_syscon.c.obj)
 .z_devstate    0x000000003000010a        0x6 zephyr/drivers/gpio/libdrivers__gpio.a(gpio_mcux.c.obj)
 .z_devstate    0x0000000030000110        0x8 zephyr/drivers/mfd/libdrivers__mfd.a(mfd_nxp_lp_flexcomm.c.obj)
 .z_devstate    0x0000000030000118        0xc zephyr/drivers/pinctrl/libdrivers__pinctrl.a(pinctrl_kinetis.c.obj)
 .z_devstate    0x0000000030000124        0x4 zephyr/drivers/serial/libdrivers__serial.a(uart_mcux_lpuart.c.obj)
 *(SORT_BY_ALIGNMENT(.z_devstate.*))
                0x0000000030000128                __device_states_end = .

log_mpsc_pbuf_area
                0x0000000030000128        0x0 load address 0x0000000010005b74
                0x0000000030000128                _log_mpsc_pbuf_list_start = .
 *(SORT_BY_NAME(SORT_BY_ALIGNMENT(._log_mpsc_pbuf.static.*)))
                0x0000000030000128                _log_mpsc_pbuf_list_end = .

log_msg_ptr_area
                0x0000000030000128        0x0 load address 0x0000000010005b74
                0x0000000030000128                _log_msg_ptr_list_start = .
 *(SORT_BY_NAME(SORT_BY_ALIGNMENT(._log_msg_ptr.static.*)))
                0x0000000030000128                _log_msg_ptr_list_end = .

log_dynamic_area
                0x0000000030000128        0x0 load address 0x0000000010005b74
                0x0000000030000128                _log_dynamic_list_start = .
 *(SORT_BY_NAME(SORT_BY_ALIGNMENT(._log_dynamic.static.*)))
                0x0000000030000128                _log_dynamic_list_end = .

k_timer_area    0x0000000030000128        0x0 load address 0x0000000010005b74
                0x0000000030000128                _k_timer_list_start = .
 *(SORT_BY_NAME(SORT_BY_ALIGNMENT(._k_timer.static.*)))
                0x0000000030000128                _k_timer_list_end = .

k_mem_slab_area
                0x0000000030000128        0x0 load address 0x0000000010005b74
                0x0000000030000128                _k_mem_slab_list_start = .
 *(SORT_BY_NAME(SORT_BY_ALIGNMENT(._k_mem_slab.static.*)))
                0x0000000030000128                _k_mem_slab_list_end = .

k_heap_area     0x0000000030000128        0x0 load address 0x0000000010005b74
                0x0000000030000128                _k_heap_list_start = .
 *(SORT_BY_NAME(SORT_BY_ALIGNMENT(._k_heap.static.*)))
                0x0000000030000128                _k_heap_list_end = .

k_mutex_area    0x0000000030000128        0x0 load address 0x0000000010005b74
                0x0000000030000128                _k_mutex_list_start = .
 *(SORT_BY_NAME(SORT_BY_ALIGNMENT(._k_mutex.static.*)))
                0x0000000030000128                _k_mutex_list_end = .

k_stack_area    0x0000000030000128        0x0 load address 0x0000000010005b74
                0x0000000030000128                _k_stack_list_start = .
 *(SORT_BY_NAME(SORT_BY_ALIGNMENT(._k_stack.static.*)))
                0x0000000030000128                _k_stack_list_end = .

k_msgq_area     0x0000000030000128        0x0 load address 0x0000000010005b74
                0x0000000030000128                _k_msgq_list_start = .
 *(SORT_BY_NAME(SORT_BY_ALIGNMENT(._k_msgq.static.*)))
                0x0000000030000128                _k_msgq_list_end = .

k_mbox_area     0x0000000030000128        0x0 load address 0x0000000010005b74
                0x0000000030000128                _k_mbox_list_start = .
 *(SORT_BY_NAME(SORT_BY_ALIGNMENT(._k_mbox.static.*)))
                0x0000000030000128                _k_mbox_list_end = .

k_pipe_area     0x0000000030000128        0x0 load address 0x0000000010005b74
                0x0000000030000128                _k_pipe_list_start = .
 *(SORT_BY_NAME(SORT_BY_ALIGNMENT(._k_pipe.static.*)))
                0x0000000030000128                _k_pipe_list_end = .

k_sem_area      0x0000000030000128        0x0 load address 0x0000000010005b74
                0x0000000030000128                _k_sem_list_start = .
 *(SORT_BY_NAME(SORT_BY_ALIGNMENT(._k_sem.static.*)))
                0x0000000030000128                _k_sem_list_end = .

k_event_area    0x0000000030000128        0x0 load address 0x0000000010005b74
                0x0000000030000128                _k_event_list_start = .
 *(SORT_BY_NAME(SORT_BY_ALIGNMENT(._k_event.static.*)))
                0x0000000030000128                _k_event_list_end = .

k_queue_area    0x0000000030000128        0x0 load address 0x0000000010005b74
                0x0000000030000128                _k_queue_list_start = .
 *(SORT_BY_NAME(SORT_BY_ALIGNMENT(._k_queue.static.*)))
                0x0000000030000128                _k_queue_list_end = .

k_fifo_area     0x0000000030000128        0x0 load address 0x0000000010005b74
                0x0000000030000128                _k_fifo_list_start = .
 *(SORT_BY_NAME(SORT_BY_ALIGNMENT(._k_fifo.static.*)))
                0x0000000030000128                _k_fifo_list_end = .

k_lifo_area     0x0000000030000128        0x0 load address 0x0000000010005b74
                0x0000000030000128                _k_lifo_list_start = .
 *(SORT_BY_NAME(SORT_BY_ALIGNMENT(._k_lifo.static.*)))
                0x0000000030000128                _k_lifo_list_end = .

k_condvar_area  0x0000000030000128        0x0 load address 0x0000000010005b74
                0x0000000030000128                _k_condvar_list_start = .
 *(SORT_BY_NAME(SORT_BY_ALIGNMENT(._k_condvar.static.*)))
                0x0000000030000128                _k_condvar_list_end = .

sys_mem_blocks_ptr_area
                0x0000000030000128        0x0 load address 0x0000000010005b74
                0x0000000030000128                _sys_mem_blocks_ptr_list_start = .
 *(SORT_BY_NAME(SORT_BY_ALIGNMENT(._sys_mem_blocks_ptr.static.*)))
                0x0000000030000128                _sys_mem_blocks_ptr_list_end = .

net_buf_pool_area
                0x0000000030000128        0x0 load address 0x0000000010005b74
                0x0000000030000128                _net_buf_pool_list_start = .
 *(SORT_BY_NAME(SORT_BY_ALIGNMENT(._net_buf_pool.static.*)))
                0x0000000030000128                _net_buf_pool_list_end = .
                0x0000000030000128                __data_region_end = .

bss             0x0000000030000128      0x257
                0x0000000030000128                . = ALIGN (0x4)
                0x0000000030000128                __bss_start = .
                0x0000000030000128                __kernel_ram_start = .
 *(SORT_BY_ALIGNMENT(.bss))
 *(SORT_BY_ALIGNMENT(.bss.*))
 .bss.announced_cycles
                0x0000000030000128        0x8 zephyr/drivers/timer/libdrivers__timer.a(cortex_m_systick.c.obj)
 .bss.cycle_count
                0x0000000030000130        0x8 zephyr/drivers/timer/libdrivers__timer.a(cortex_m_systick.c.obj)
 .bss.z_idle_threads
                0x0000000030000138       0x80 zephyr/kernel/libkernel.a(init.c.obj)
                0x0000000030000138                z_idle_threads
 .bss.z_main_thread
                0x00000000300001b8       0x80 zephyr/kernel/libkernel.a(init.c.obj)
                0x00000000300001b8                z_main_thread
 .bss._thread_dummy
                0x0000000030000238       0x80 zephyr/kernel/libkernel.a(sched.c.obj)
                0x0000000030000238                _thread_dummy
 .bss.slice_timeouts
                0x00000000300002b8       0x18 zephyr/kernel/libkernel.a(timeslicing.c.obj)
 .bss.curr_tick
                0x00000000300002d0        0x8 zephyr/kernel/libkernel.a(timeout.c.obj)
 .bss.z_arm_tls_ptr
                0x00000000300002d8        0x4 zephyr/arch/arch/arm/core/libarch__arm__core.a(tls.c.obj)
                0x00000000300002d8                z_arm_tls_ptr
 .bss.dyn_reg_info
                0x00000000300002dc       0x14 zephyr/arch/arch/arm/core/mpu/libarch__arm__core__mpu.a(arm_mpu.c.obj)
 .bss._stdout_hook
                0x00000000300002f0        0x4 zephyr/lib/libc/picolibc/liblib__libc__picolibc.a(libc-hooks.c.obj)
 .bss.z_malloc_heap
                0x00000000300002f4        0xc zephyr/lib/libc/common/liblib__libc__common.a(malloc.c.obj)
 .bss.gpio_mcux_port2_data
                0x0000000030000300        0xc zephyr/drivers/gpio/libdrivers__gpio.a(gpio_mcux.c.obj)
 .bss.gpio_mcux_port1_data
                0x000000003000030c        0xc zephyr/drivers/gpio/libdrivers__gpio.a(gpio_mcux.c.obj)
 .bss.gpio_mcux_port0_data
                0x0000000030000318        0xc zephyr/drivers/gpio/libdrivers__gpio.a(gpio_mcux.c.obj)
 .bss.mcux_lpuart_1_data
                0x0000000030000324       0x10 zephyr/drivers/serial/libdrivers__serial.a(uart_mcux_lpuart.c.obj)
 .bss.mcux_lpuart_0_data
                0x0000000030000334       0x10 zephyr/drivers/serial/libdrivers__serial.a(uart_mcux_lpuart.c.obj)
 .bss.overflow_cyc
                0x0000000030000344        0x4 zephyr/drivers/timer/libdrivers__timer.a(cortex_m_systick.c.obj)
 .bss.last_load
                0x0000000030000348        0x4 zephyr/drivers/timer/libdrivers__timer.a(cortex_m_systick.c.obj)
 .bss._kernel   0x000000003000034c       0x20 zephyr/kernel/libkernel.a(init.c.obj)
                0x000000003000034c                _kernel
 .bss.pending_current
                0x000000003000036c        0x4 zephyr/kernel/libkernel.a(timeslicing.c.obj)
                0x000000003000036c                pending_current
 .bss.slice_max_prio
                0x0000000030000370        0x4 zephyr/kernel/libkernel.a(timeslicing.c.obj)
 .bss.slice_ticks
                0x0000000030000374        0x4 zephyr/kernel/libkernel.a(timeslicing.c.obj)
 .bss.announce_remaining
                0x0000000030000378        0x4 zephyr/kernel/libkernel.a(timeout.c.obj)
 .bss.static_regions_num
                0x000000003000037c        0x1 zephyr/arch/arch/arm/core/mpu/libarch__arm__core__mpu.a(arm_mpu.c.obj)
 .bss.z_sys_post_kernel
                0x000000003000037d        0x1 zephyr/kernel/libkernel.a(init.c.obj)
                0x000000003000037d                z_sys_post_kernel
 .bss._sched_spinlock
                0x000000003000037e        0x0 zephyr/kernel/libkernel.a(sched.c.obj)
                0x000000003000037e                _sched_spinlock
 .bss.slice_expired
                0x000000003000037e        0x1 zephyr/kernel/libkernel.a(timeslicing.c.obj)
 *(SORT_BY_ALIGNMENT(COMMON))
 *(SORT_BY_ALIGNMENT(.kernel_bss.*))
                0x0000000030000380                __bss_end = ALIGN (0x4)

noinit          0x0000000030000380      0xd40
 *(SORT_BY_ALIGNMENT(.noinit))
 *(SORT_BY_ALIGNMENT(.noinit.*))
 .noinit."WEST_TOPDIR/zephyr/kernel/init.c".2
                0x0000000030000380      0x800 zephyr/kernel/libkernel.a(init.c.obj)
                0x0000000030000380                z_interrupt_stacks
 .noinit."WEST_TOPDIR/zephyr/kernel/init.c".1
                0x0000000030000b80      0x140 zephyr/kernel/libkernel.a(init.c.obj)
 .noinit."WEST_TOPDIR/zephyr/kernel/init.c".0
                0x0000000030000cc0      0x400 zephyr/kernel/libkernel.a(init.c.obj)
                0x0000000030000cc0                z_main_stack
 *(SORT_BY_ALIGNMENT(.kernel_noinit.*))
                0x0000000030030000                __kernel_ram_end = 0x30030000
                0x000000000002fed8                __kernel_ram_size = (__kernel_ram_end - __kernel_ram_start)

.intList        0x00000000ffff8000       0x78
 *(SORT_BY_ALIGNMENT(.irq_info*))
 .irq_info      0x00000000ffff8000        0x8 zephyr/arch/common/libisr_tables.a(isr_tables.c.obj)
                0x00000000ffff8000                _iheader
 *(SORT_BY_ALIGNMENT(.intList*))
 .intList       0x00000000ffff8008       0x30 zephyr/drivers/gpio/libdrivers__gpio.a(gpio_mcux.c.obj)
 .intList       0x00000000ffff8038       0x40 zephyr/drivers/mfd/libdrivers__mfd.a(mfd_nxp_lp_flexcomm.c.obj)

.last_ram_section
                0x00000000300010c0        0x0
                0x00000000300010c0                _image_ram_end = .
                0x00000000000010c0                _image_ram_size = (_image_ram_end - _image_ram_start)
                0x00000000300010c0                _end = .
                0x00000000300010c0                z_mapped_end = .

.stab
 *(SORT_BY_ALIGNMENT(.stab))

.stabstr
 *(SORT_BY_ALIGNMENT(.stabstr))

.stab.excl
 *(SORT_BY_ALIGNMENT(.stab.excl))

.stab.exclstr
 *(SORT_BY_ALIGNMENT(.stab.exclstr))

.stab.index
 *(SORT_BY_ALIGNMENT(.stab.index))

.stab.indexstr
 *(SORT_BY_ALIGNMENT(.stab.indexstr))

.gnu.build.attributes
 *(SORT_BY_ALIGNMENT(.gnu.build.attributes) SORT_BY_ALIGNMENT(.gnu.build.attributes.*))

.comment        0x0000000000000000       0x20
 *(SORT_BY_ALIGNMENT(.comment))
 .comment       0x0000000000000000       0x20 zephyr/CMakeFiles/offsets.dir/./arch/arm/core/offsets/offsets.c.obj
                                         0x21 (size before relaxing)
 .comment       0x0000000000000020       0x21 app/libapp.a(main.c.obj)
 .comment       0x0000000000000020       0x21 zephyr/libzephyr.a(heap.c.obj)
 .comment       0x0000000000000020       0x21 zephyr/libzephyr.a(printk.c.obj)
 .comment       0x0000000000000020       0x21 zephyr/libzephyr.a(thread_entry.c.obj)
 .comment       0x0000000000000020       0x21 zephyr/libzephyr.a(configs.c.obj)
 .comment       0x0000000000000020       0x21 zephyr/libzephyr.a(soc.c.obj)
 .comment       0x0000000000000020       0x21 zephyr/libzephyr.a(mem_attr.c.obj)
 .comment       0x0000000000000020       0x21 zephyr/arch/arch/arm/core/libarch__arm__core.a(fatal.c.obj)
 .comment       0x0000000000000020       0x21 zephyr/arch/arch/arm/core/libarch__arm__core.a(nmi.c.obj)
 .comment       0x0000000000000020       0x21 zephyr/arch/arch/arm/core/libarch__arm__core.a(tls.c.obj)
 .comment       0x0000000000000020       0x21 zephyr/arch/arch/arm/core/cortex_m/libarch__arm__core__cortex_m.a(exc_exit.c.obj)
 .comment       0x0000000000000020       0x21 zephyr/arch/arch/arm/core/cortex_m/libarch__arm__core__cortex_m.a(fault.c.obj)
 .comment       0x0000000000000020       0x21 zephyr/arch/arch/arm/core/cortex_m/libarch__arm__core__cortex_m.a(thread_abort.c.obj)
 .comment       0x0000000000000020       0x21 zephyr/arch/arch/arm/core/cortex_m/libarch__arm__core__cortex_m.a(swap.c.obj)
 .comment       0x0000000000000020       0x21 zephyr/arch/arch/arm/core/cortex_m/libarch__arm__core__cortex_m.a(irq_manage.c.obj)
 .comment       0x0000000000000020       0x21 zephyr/arch/arch/arm/core/cortex_m/libarch__arm__core__cortex_m.a(prep_c.c.obj)
 .comment       0x0000000000000020       0x21 zephyr/arch/arch/arm/core/cortex_m/libarch__arm__core__cortex_m.a(thread.c.obj)
 .comment       0x0000000000000020       0x21 zephyr/arch/arch/arm/core/cortex_m/libarch__arm__core__cortex_m.a(cpu_idle.c.obj)
 .comment       0x0000000000000020       0x21 zephyr/arch/arch/arm/core/cortex_m/libarch__arm__core__cortex_m.a(irq_init.c.obj)
 .comment       0x0000000000000020       0x21 zephyr/arch/arch/arm/core/cortex_m/libarch__arm__core__cortex_m.a(isr_wrapper.c.obj)
 .comment       0x0000000000000020       0x21 zephyr/arch/arch/arm/core/cortex_m/cmse/libarch__arm__core__cortex_m__cmse.a(arm_core_cmse.c.obj)
 .comment       0x0000000000000020       0x21 zephyr/arch/arch/arm/core/mpu/libarch__arm__core__mpu.a(arm_core_mpu.c.obj)
 .comment       0x0000000000000020       0x21 zephyr/arch/arch/arm/core/mpu/libarch__arm__core__mpu.a(arm_mpu.c.obj)
 .comment       0x0000000000000020       0x21 zephyr/arch/arch/arm/core/mpu/libarch__arm__core__mpu.a(arm_mpu_regions.c.obj)
 .comment       0x0000000000000020       0x21 zephyr/lib/libc/picolibc/liblib__libc__picolibc.a(libc-hooks.c.obj)
 .comment       0x0000000000000020       0x21 zephyr/lib/libc/common/liblib__libc__common.a(malloc.c.obj)
 .comment       0x0000000000000020       0x21 zephyr/boards/nxp/frdm_mcxn236/libboards__nxp__frdm_mcxn236.a(board.c.obj)
 .comment       0x0000000000000020       0x21 zephyr/drivers/clock_control/libdrivers__clock_control.a(clock_control_mcux_syscon.c.obj)
 .comment       0x0000000000000020       0x21 zephyr/drivers/console/libdrivers__console.a(uart_console.c.obj)
 .comment       0x0000000000000020       0x21 zephyr/drivers/gpio/libdrivers__gpio.a(gpio_mcux.c.obj)
 .comment       0x0000000000000020       0x21 zephyr/drivers/mfd/libdrivers__mfd.a(mfd_nxp_lp_flexcomm.c.obj)
 .comment       0x0000000000000020       0x21 zephyr/drivers/pinctrl/libdrivers__pinctrl.a(common.c.obj)
 .comment       0x0000000000000020       0x21 zephyr/drivers/pinctrl/libdrivers__pinctrl.a(pinctrl_kinetis.c.obj)
 .comment       0x0000000000000020       0x21 zephyr/drivers/serial/libdrivers__serial.a(uart_mcux_lpuart.c.obj)
 .comment       0x0000000000000020       0x21 zephyr/drivers/timer/libdrivers__timer.a(cortex_m_systick.c.obj)
 .comment       0x0000000000000020       0x21 modules/hal_nxp/hal_nxp/lib..__modules__hal__nxp.a(fsl_clock.c.obj)
 .comment       0x0000000000000020       0x21 modules/hal_nxp/hal_nxp/lib..__modules__hal__nxp.a(fsl_reset.c.obj)
 .comment       0x0000000000000020       0x21 modules/hal_nxp/hal_nxp/lib..__modules__hal__nxp.a(system_MCXN236.c.obj)
 .comment       0x0000000000000020       0x21 modules/hal_nxp/hal_nxp/lib..__modules__hal__nxp.a(fsl_lpflexcomm.c.obj)
 .comment       0x0000000000000020       0x21 modules/hal_nxp/hal_nxp/lib..__modules__hal__nxp.a(fsl_lpuart.c.obj)
 .comment       0x0000000000000020       0x21 modules/hal_nxp/hal_nxp/lib..__modules__hal__nxp.a(fsl_spc.c.obj)